<?xml version="1.0" encoding="ISO-8859-1" ?>
<link_info>
   <banner>TI ARM Clang Linker Unix v4.0.3.LTS</banner>
   <copyright>Copyright (c) 1996-2018 Texas Instruments Incorporated</copyright>
   <command_line>/home/mihir/CMPE146/CCS_20.2.0.00012_linux/ccs2020/ccs/tools/compiler/ti-cgt-armllvm_4.0.3.LTS/bin/tiarmlnk -I/home/mihir/CMPE146/CCS_20.2.0.00012_linux/ccs2020/ccs/tools/compiler/ti-cgt-armllvm_4.0.3.LTS/lib -o lab3-exercise1.out -mlab3-exercise1.map -i/home/mihir/ti/mspm0_sdk_2_05_01_00/source -i/home/mihir/workspace_ccstheia/lab3-exercise1 -i/home/mihir/workspace_ccstheia/lab3-exercise1/Debug/syscfg -i/home/mihir/CMPE146/CCS_20.2.0.00012_linux/ccs2020/ccs/tools/compiler/ti-cgt-armllvm_4.0.3.LTS/lib --diag_wrap=off --display_error_number --warn_sections --xml_link_info=lab3-exercise1_linkInfo.xml --rom_model ./ti_msp_dl_config.o ./startup_mspm0g350x_ticlang.o ./l3_ex1.o -l./device_linker.cmd -ldevice.cmd.genlibs -llibc.a --start-group -llibc++.a -llibc++abi.a -llibc.a -llibsys.a -llibsysbm.a -llibclang_rt.builtins.a -llibclang_rt.profile.a --end-group --cg_opt_level=2</command_line>
   <link_time>0x68e2f64d</link_time>
   <link_errors>0x0</link_errors>
   <output_file>/home/mihir/workspace_ccstheia/lab3-exercise1/Debug/lab3-exercise1.out</output_file>
   <entry_point>
      <name>_c_int00_noargs</name>
      <address>0x2b29</address>
   </entry_point>
   <input_file_list>
      <input_file id="fl-1">
         <path>/home/mihir/workspace_ccstheia/lab3-exercise1/Debug/./</path>
         <kind>object</kind>
         <file>ti_msp_dl_config.o</file>
         <name>ti_msp_dl_config.o</name>
      </input_file>
      <input_file id="fl-2">
         <path>/home/mihir/workspace_ccstheia/lab3-exercise1/Debug/./</path>
         <kind>object</kind>
         <file>startup_mspm0g350x_ticlang.o</file>
         <name>startup_mspm0g350x_ticlang.o</name>
      </input_file>
      <input_file id="fl-3">
         <path>/home/mihir/workspace_ccstheia/lab3-exercise1/Debug/./</path>
         <kind>object</kind>
         <file>l3_ex1.o</file>
         <name>l3_ex1.o</name>
      </input_file>
      <input_file id="fl-10">
         <path>/home/mihir/workspace_ccstheia/lab3-exercise1/Debug/</path>
         <kind>object</kind>
         <file>&lt;internal&gt;</file>
         <name>&lt;internal&gt;</name>
      </input_file>
      <input_file id="fl-11">
         <path>/home/mihir/ti/mspm0_sdk_2_05_01_00/source/ti/driverlib/lib/ticlang/m0p/mspm0g1x0x_g3x0x/</path>
         <kind>archive</kind>
         <file>driverlib.a</file>
         <name>dl_common.o</name>
      </input_file>
      <input_file id="fl-12">
         <path>/home/mihir/ti/mspm0_sdk_2_05_01_00/source/ti/driverlib/lib/ticlang/m0p/mspm0g1x0x_g3x0x/</path>
         <kind>archive</kind>
         <file>driverlib.a</file>
         <name>dl_timer.o</name>
      </input_file>
      <input_file id="fl-29">
         <path>/home/mihir/CMPE146/CCS_20.2.0.00012_linux/ccs2020/ccs/tools/compiler/ti-cgt-armllvm_4.0.3.LTS/lib/armv6m-ti-none-eabi/c/</path>
         <kind>archive</kind>
         <file>libc.a</file>
         <name>printf.c.obj</name>
      </input_file>
      <input_file id="fl-2a">
         <path>/home/mihir/CMPE146/CCS_20.2.0.00012_linux/ccs2020/ccs/tools/compiler/ti-cgt-armllvm_4.0.3.LTS/lib/armv6m-ti-none-eabi/c/</path>
         <kind>archive</kind>
         <file>libc.a</file>
         <name>_printfi.c.obj</name>
      </input_file>
      <input_file id="fl-2b">
         <path>/home/mihir/CMPE146/CCS_20.2.0.00012_linux/ccs2020/ccs/tools/compiler/ti-cgt-armllvm_4.0.3.LTS/lib/armv6m-ti-none-eabi/c/</path>
         <kind>archive</kind>
         <file>libc.a</file>
         <name>fputc.c.obj</name>
      </input_file>
      <input_file id="fl-2c">
         <path>/home/mihir/CMPE146/CCS_20.2.0.00012_linux/ccs2020/ccs/tools/compiler/ti-cgt-armllvm_4.0.3.LTS/lib/armv6m-ti-none-eabi/c/</path>
         <kind>archive</kind>
         <file>libc.a</file>
         <name>fputs.c.obj</name>
      </input_file>
      <input_file id="fl-2d">
         <path>/home/mihir/CMPE146/CCS_20.2.0.00012_linux/ccs2020/ccs/tools/compiler/ti-cgt-armllvm_4.0.3.LTS/lib/armv6m-ti-none-eabi/c/</path>
         <kind>archive</kind>
         <file>libc.a</file>
         <name>_io_perm.c.obj</name>
      </input_file>
      <input_file id="fl-2e">
         <path>/home/mihir/CMPE146/CCS_20.2.0.00012_linux/ccs2020/ccs/tools/compiler/ti-cgt-armllvm_4.0.3.LTS/lib/armv6m-ti-none-eabi/c/</path>
         <kind>archive</kind>
         <file>libc.a</file>
         <name>setvbuf.c.obj</name>
      </input_file>
      <input_file id="fl-2f">
         <path>/home/mihir/CMPE146/CCS_20.2.0.00012_linux/ccs2020/ccs/tools/compiler/ti-cgt-armllvm_4.0.3.LTS/lib/armv6m-ti-none-eabi/c/</path>
         <kind>archive</kind>
         <file>libc.a</file>
         <name>s_frexp.c.obj</name>
      </input_file>
      <input_file id="fl-30">
         <path>/home/mihir/CMPE146/CCS_20.2.0.00012_linux/ccs2020/ccs/tools/compiler/ti-cgt-armllvm_4.0.3.LTS/lib/armv6m-ti-none-eabi/c/</path>
         <kind>archive</kind>
         <file>libc.a</file>
         <name>s_scalbn.c.obj</name>
      </input_file>
      <input_file id="fl-31">
         <path>/home/mihir/CMPE146/CCS_20.2.0.00012_linux/ccs2020/ccs/tools/compiler/ti-cgt-armllvm_4.0.3.LTS/lib/armv6m-ti-none-eabi/c/</path>
         <kind>archive</kind>
         <file>libc.a</file>
         <name>wcslen.c.obj</name>
      </input_file>
      <input_file id="fl-32">
         <path>/home/mihir/CMPE146/CCS_20.2.0.00012_linux/ccs2020/ccs/tools/compiler/ti-cgt-armllvm_4.0.3.LTS/lib/armv6m-ti-none-eabi/c/</path>
         <kind>archive</kind>
         <file>libc.a</file>
         <name>aeabi_portable.c.obj</name>
      </input_file>
      <input_file id="fl-33">
         <path>/home/mihir/CMPE146/CCS_20.2.0.00012_linux/ccs2020/ccs/tools/compiler/ti-cgt-armllvm_4.0.3.LTS/lib/armv6m-ti-none-eabi/c/</path>
         <kind>archive</kind>
         <file>libc.a</file>
         <name>exit.c.obj</name>
      </input_file>
      <input_file id="fl-34">
         <path>/home/mihir/CMPE146/CCS_20.2.0.00012_linux/ccs2020/ccs/tools/compiler/ti-cgt-armllvm_4.0.3.LTS/lib/armv6m-ti-none-eabi/c/</path>
         <kind>archive</kind>
         <file>libc.a</file>
         <name>_lock.c.obj</name>
      </input_file>
      <input_file id="fl-35">
         <path>/home/mihir/CMPE146/CCS_20.2.0.00012_linux/ccs2020/ccs/tools/compiler/ti-cgt-armllvm_4.0.3.LTS/lib/armv6m-ti-none-eabi/c/</path>
         <kind>archive</kind>
         <file>libc.a</file>
         <name>_ltoa.c.obj</name>
      </input_file>
      <input_file id="fl-36">
         <path>/home/mihir/CMPE146/CCS_20.2.0.00012_linux/ccs2020/ccs/tools/compiler/ti-cgt-armllvm_4.0.3.LTS/lib/armv6m-ti-none-eabi/c/</path>
         <kind>archive</kind>
         <file>libc.a</file>
         <name>assert.c.obj</name>
      </input_file>
      <input_file id="fl-37">
         <path>/home/mihir/CMPE146/CCS_20.2.0.00012_linux/ccs2020/ccs/tools/compiler/ti-cgt-armllvm_4.0.3.LTS/lib/armv6m-ti-none-eabi/c/</path>
         <kind>archive</kind>
         <file>libc.a</file>
         <name>atoi.c.obj</name>
      </input_file>
      <input_file id="fl-38">
         <path>/home/mihir/CMPE146/CCS_20.2.0.00012_linux/ccs2020/ccs/tools/compiler/ti-cgt-armllvm_4.0.3.LTS/lib/armv6m-ti-none-eabi/c/</path>
         <kind>archive</kind>
         <file>libc.a</file>
         <name>defs.c.obj</name>
      </input_file>
      <input_file id="fl-39">
         <path>/home/mihir/CMPE146/CCS_20.2.0.00012_linux/ccs2020/ccs/tools/compiler/ti-cgt-armllvm_4.0.3.LTS/lib/armv6m-ti-none-eabi/c/</path>
         <kind>archive</kind>
         <file>libc.a</file>
         <name>memccpy.c.obj</name>
      </input_file>
      <input_file id="fl-3a">
         <path>/home/mihir/CMPE146/CCS_20.2.0.00012_linux/ccs2020/ccs/tools/compiler/ti-cgt-armllvm_4.0.3.LTS/lib/armv6m-ti-none-eabi/c/</path>
         <kind>archive</kind>
         <file>libc.a</file>
         <name>memory.c.obj</name>
      </input_file>
      <input_file id="fl-3b">
         <path>/home/mihir/CMPE146/CCS_20.2.0.00012_linux/ccs2020/ccs/tools/compiler/ti-cgt-armllvm_4.0.3.LTS/lib/armv6m-ti-none-eabi/c/</path>
         <kind>archive</kind>
         <file>libc.a</file>
         <name>copy_zero_init.c.obj</name>
      </input_file>
      <input_file id="fl-3c">
         <path>/home/mihir/CMPE146/CCS_20.2.0.00012_linux/ccs2020/ccs/tools/compiler/ti-cgt-armllvm_4.0.3.LTS/lib/armv6m-ti-none-eabi/c/</path>
         <kind>archive</kind>
         <file>libc.a</file>
         <name>copy_decompress_none.c.obj</name>
      </input_file>
      <input_file id="fl-3d">
         <path>/home/mihir/CMPE146/CCS_20.2.0.00012_linux/ccs2020/ccs/tools/compiler/ti-cgt-armllvm_4.0.3.LTS/lib/armv6m-ti-none-eabi/c/</path>
         <kind>archive</kind>
         <file>libc.a</file>
         <name>copy_decompress_lzss.c.obj</name>
      </input_file>
      <input_file id="fl-3e">
         <path>/home/mihir/CMPE146/CCS_20.2.0.00012_linux/ccs2020/ccs/tools/compiler/ti-cgt-armllvm_4.0.3.LTS/lib/armv6m-ti-none-eabi/c/</path>
         <kind>archive</kind>
         <file>libc.a</file>
         <name>boot_cortex_m.c.obj</name>
      </input_file>
      <input_file id="fl-3f">
         <path>/home/mihir/CMPE146/CCS_20.2.0.00012_linux/ccs2020/ccs/tools/compiler/ti-cgt-armllvm_4.0.3.LTS/lib/armv6m-ti-none-eabi/c/</path>
         <kind>archive</kind>
         <file>libc.a</file>
         <name>mathacl_init.c.obj</name>
      </input_file>
      <input_file id="fl-40">
         <path>/home/mihir/CMPE146/CCS_20.2.0.00012_linux/ccs2020/ccs/tools/compiler/ti-cgt-armllvm_4.0.3.LTS/lib/armv6m-ti-none-eabi/c/</path>
         <kind>archive</kind>
         <file>libc.a</file>
         <name>sprintf.c.obj</name>
      </input_file>
      <input_file id="fl-41">
         <path>/home/mihir/CMPE146/CCS_20.2.0.00012_linux/ccs2020/ccs/tools/compiler/ti-cgt-armllvm_4.0.3.LTS/lib/armv6m-ti-none-eabi/c/</path>
         <kind>archive</kind>
         <file>libc.a</file>
         <name>fflush.c.obj</name>
      </input_file>
      <input_file id="fl-42">
         <path>/home/mihir/CMPE146/CCS_20.2.0.00012_linux/ccs2020/ccs/tools/compiler/ti-cgt-armllvm_4.0.3.LTS/lib/armv6m-ti-none-eabi/c/</path>
         <kind>archive</kind>
         <file>libc.a</file>
         <name>fopen.c.obj</name>
      </input_file>
      <input_file id="fl-43">
         <path>/home/mihir/CMPE146/CCS_20.2.0.00012_linux/ccs2020/ccs/tools/compiler/ti-cgt-armllvm_4.0.3.LTS/lib/armv6m-ti-none-eabi/c/</path>
         <kind>archive</kind>
         <file>libc.a</file>
         <name>fseek.c.obj</name>
      </input_file>
      <input_file id="fl-44">
         <path>/home/mihir/CMPE146/CCS_20.2.0.00012_linux/ccs2020/ccs/tools/compiler/ti-cgt-armllvm_4.0.3.LTS/lib/armv6m-ti-none-eabi/c/</path>
         <kind>archive</kind>
         <file>libc.a</file>
         <name>aeabi_ctype.S.obj</name>
      </input_file>
      <input_file id="fl-45">
         <path>/home/mihir/CMPE146/CCS_20.2.0.00012_linux/ccs2020/ccs/tools/compiler/ti-cgt-armllvm_4.0.3.LTS/lib/armv6m-ti-none-eabi/c/</path>
         <kind>archive</kind>
         <file>libc.a</file>
         <name>args_main.c.obj</name>
      </input_file>
      <input_file id="fl-46">
         <path>/home/mihir/CMPE146/CCS_20.2.0.00012_linux/ccs2020/ccs/tools/compiler/ti-cgt-armllvm_4.0.3.LTS/lib/armv6m-ti-none-eabi/c/</path>
         <kind>archive</kind>
         <file>libc.a</file>
         <name>autoinit.c.obj</name>
      </input_file>
      <input_file id="fl-47">
         <path>/home/mihir/CMPE146/CCS_20.2.0.00012_linux/ccs2020/ccs/tools/compiler/ti-cgt-armllvm_4.0.3.LTS/lib/armv6m-ti-none-eabi/c/</path>
         <kind>archive</kind>
         <file>libc.a</file>
         <name>pre_init.c.obj</name>
      </input_file>
      <input_file id="fl-48">
         <path>/home/mihir/CMPE146/CCS_20.2.0.00012_linux/ccs2020/ccs/tools/compiler/ti-cgt-armllvm_4.0.3.LTS/lib/armv6m-ti-none-eabi/c/</path>
         <kind>archive</kind>
         <file>libc.a</file>
         <name>cpy_tbl.c.obj</name>
      </input_file>
      <input_file id="fl-49">
         <path>/home/mihir/CMPE146/CCS_20.2.0.00012_linux/ccs2020/ccs/tools/compiler/ti-cgt-armllvm_4.0.3.LTS/lib/armv6m-ti-none-eabi/c/</path>
         <kind>archive</kind>
         <file>libc.a</file>
         <name>fclose.c.obj</name>
      </input_file>
      <input_file id="fl-e9">
         <path>/home/mihir/CMPE146/CCS_20.2.0.00012_linux/ccs2020/ccs/tools/compiler/ti-cgt-armllvm_4.0.3.LTS/lib/armv6m-ti-none-eabi/c/</path>
         <kind>archive</kind>
         <file>libsysbm.a</file>
         <name>hostexit.c.obj</name>
      </input_file>
      <input_file id="fl-ea">
         <path>/home/mihir/CMPE146/CCS_20.2.0.00012_linux/ccs2020/ccs/tools/compiler/ti-cgt-armllvm_4.0.3.LTS/lib/armv6m-ti-none-eabi/c/</path>
         <kind>archive</kind>
         <file>libsysbm.a</file>
         <name>write.c.obj</name>
      </input_file>
      <input_file id="fl-eb">
         <path>/home/mihir/CMPE146/CCS_20.2.0.00012_linux/ccs2020/ccs/tools/compiler/ti-cgt-armllvm_4.0.3.LTS/lib/armv6m-ti-none-eabi/c/</path>
         <kind>archive</kind>
         <file>libsysbm.a</file>
         <name>host_device.c.obj</name>
      </input_file>
      <input_file id="fl-ec">
         <path>/home/mihir/CMPE146/CCS_20.2.0.00012_linux/ccs2020/ccs/tools/compiler/ti-cgt-armllvm_4.0.3.LTS/lib/armv6m-ti-none-eabi/c/</path>
         <kind>archive</kind>
         <file>libsysbm.a</file>
         <name>remove.c.obj</name>
      </input_file>
      <input_file id="fl-ed">
         <path>/home/mihir/CMPE146/CCS_20.2.0.00012_linux/ccs2020/ccs/tools/compiler/ti-cgt-armllvm_4.0.3.LTS/lib/armv6m-ti-none-eabi/c/</path>
         <kind>archive</kind>
         <file>libsysbm.a</file>
         <name>open.c.obj</name>
      </input_file>
      <input_file id="fl-ee">
         <path>/home/mihir/CMPE146/CCS_20.2.0.00012_linux/ccs2020/ccs/tools/compiler/ti-cgt-armllvm_4.0.3.LTS/lib/armv6m-ti-none-eabi/c/</path>
         <kind>archive</kind>
         <file>libsysbm.a</file>
         <name>lseek.c.obj</name>
      </input_file>
      <input_file id="fl-ef">
         <path>/home/mihir/CMPE146/CCS_20.2.0.00012_linux/ccs2020/ccs/tools/compiler/ti-cgt-armllvm_4.0.3.LTS/lib/armv6m-ti-none-eabi/c/</path>
         <kind>archive</kind>
         <file>libsysbm.a</file>
         <name>close.c.obj</name>
      </input_file>
      <input_file id="fl-f0">
         <path>/home/mihir/CMPE146/CCS_20.2.0.00012_linux/ccs2020/ccs/tools/compiler/ti-cgt-armllvm_4.0.3.LTS/lib/armv6m-ti-none-eabi/c/</path>
         <kind>archive</kind>
         <file>libsysbm.a</file>
         <name>unlink.c.obj</name>
      </input_file>
      <input_file id="fl-f1">
         <path>/home/mihir/CMPE146/CCS_20.2.0.00012_linux/ccs2020/ccs/tools/compiler/ti-cgt-armllvm_4.0.3.LTS/lib/armv6m-ti-none-eabi/c/</path>
         <kind>archive</kind>
         <file>libsysbm.a</file>
         <name>hostclose.c.obj</name>
      </input_file>
      <input_file id="fl-f2">
         <path>/home/mihir/CMPE146/CCS_20.2.0.00012_linux/ccs2020/ccs/tools/compiler/ti-cgt-armllvm_4.0.3.LTS/lib/armv6m-ti-none-eabi/c/</path>
         <kind>archive</kind>
         <file>libsysbm.a</file>
         <name>hostlseek.c.obj</name>
      </input_file>
      <input_file id="fl-f3">
         <path>/home/mihir/CMPE146/CCS_20.2.0.00012_linux/ccs2020/ccs/tools/compiler/ti-cgt-armllvm_4.0.3.LTS/lib/armv6m-ti-none-eabi/c/</path>
         <kind>archive</kind>
         <file>libsysbm.a</file>
         <name>hostopen.c.obj</name>
      </input_file>
      <input_file id="fl-f4">
         <path>/home/mihir/CMPE146/CCS_20.2.0.00012_linux/ccs2020/ccs/tools/compiler/ti-cgt-armllvm_4.0.3.LTS/lib/armv6m-ti-none-eabi/c/</path>
         <kind>archive</kind>
         <file>libsysbm.a</file>
         <name>hostread.c.obj</name>
      </input_file>
      <input_file id="fl-f5">
         <path>/home/mihir/CMPE146/CCS_20.2.0.00012_linux/ccs2020/ccs/tools/compiler/ti-cgt-armllvm_4.0.3.LTS/lib/armv6m-ti-none-eabi/c/</path>
         <kind>archive</kind>
         <file>libsysbm.a</file>
         <name>hostrename.c.obj</name>
      </input_file>
      <input_file id="fl-f6">
         <path>/home/mihir/CMPE146/CCS_20.2.0.00012_linux/ccs2020/ccs/tools/compiler/ti-cgt-armllvm_4.0.3.LTS/lib/armv6m-ti-none-eabi/c/</path>
         <kind>archive</kind>
         <file>libsysbm.a</file>
         <name>hostunlink.c.obj</name>
      </input_file>
      <input_file id="fl-f7">
         <path>/home/mihir/CMPE146/CCS_20.2.0.00012_linux/ccs2020/ccs/tools/compiler/ti-cgt-armllvm_4.0.3.LTS/lib/armv6m-ti-none-eabi/c/</path>
         <kind>archive</kind>
         <file>libsysbm.a</file>
         <name>hostwrite.c.obj</name>
      </input_file>
      <input_file id="fl-f8">
         <path>/home/mihir/CMPE146/CCS_20.2.0.00012_linux/ccs2020/ccs/tools/compiler/ti-cgt-armllvm_4.0.3.LTS/lib/armv6m-ti-none-eabi/c/</path>
         <kind>archive</kind>
         <file>libsysbm.a</file>
         <name>trgmsg.c.obj</name>
      </input_file>
      <input_file id="fl-f9">
         <path>/home/mihir/CMPE146/CCS_20.2.0.00012_linux/ccs2020/ccs/tools/compiler/ti-cgt-armllvm_4.0.3.LTS/lib/armv6m-ti-none-eabi/</path>
         <kind>archive</kind>
         <file>libclang_rt.builtins.a</file>
         <name>adddf3.S.obj</name>
      </input_file>
      <input_file id="fl-fa">
         <path>/home/mihir/CMPE146/CCS_20.2.0.00012_linux/ccs2020/ccs/tools/compiler/ti-cgt-armllvm_4.0.3.LTS/lib/armv6m-ti-none-eabi/</path>
         <kind>archive</kind>
         <file>libclang_rt.builtins.a</file>
         <name>muldf3.S.obj</name>
      </input_file>
      <input_file id="fl-fb">
         <path>/home/mihir/CMPE146/CCS_20.2.0.00012_linux/ccs2020/ccs/tools/compiler/ti-cgt-armllvm_4.0.3.LTS/lib/armv6m-ti-none-eabi/</path>
         <kind>archive</kind>
         <file>libclang_rt.builtins.a</file>
         <name>muldsi3.S.obj</name>
      </input_file>
      <input_file id="fl-fc">
         <path>/home/mihir/CMPE146/CCS_20.2.0.00012_linux/ccs2020/ccs/tools/compiler/ti-cgt-armllvm_4.0.3.LTS/lib/armv6m-ti-none-eabi/</path>
         <kind>archive</kind>
         <file>libclang_rt.builtins.a</file>
         <name>divdf3.S.obj</name>
      </input_file>
      <input_file id="fl-fd">
         <path>/home/mihir/CMPE146/CCS_20.2.0.00012_linux/ccs2020/ccs/tools/compiler/ti-cgt-armllvm_4.0.3.LTS/lib/armv6m-ti-none-eabi/</path>
         <kind>archive</kind>
         <file>libclang_rt.builtins.a</file>
         <name>fixdfsi.S.obj</name>
      </input_file>
      <input_file id="fl-fe">
         <path>/home/mihir/CMPE146/CCS_20.2.0.00012_linux/ccs2020/ccs/tools/compiler/ti-cgt-armllvm_4.0.3.LTS/lib/armv6m-ti-none-eabi/</path>
         <kind>archive</kind>
         <file>libclang_rt.builtins.a</file>
         <name>floatsidf.S.obj</name>
      </input_file>
      <input_file id="fl-ff">
         <path>/home/mihir/CMPE146/CCS_20.2.0.00012_linux/ccs2020/ccs/tools/compiler/ti-cgt-armllvm_4.0.3.LTS/lib/armv6m-ti-none-eabi/</path>
         <kind>archive</kind>
         <file>libclang_rt.builtins.a</file>
         <name>floatunsidf.S.obj</name>
      </input_file>
      <input_file id="fl-100">
         <path>/home/mihir/CMPE146/CCS_20.2.0.00012_linux/ccs2020/ccs/tools/compiler/ti-cgt-armllvm_4.0.3.LTS/lib/armv6m-ti-none-eabi/</path>
         <kind>archive</kind>
         <file>libclang_rt.builtins.a</file>
         <name>muldi3.S.obj</name>
      </input_file>
      <input_file id="fl-101">
         <path>/home/mihir/CMPE146/CCS_20.2.0.00012_linux/ccs2020/ccs/tools/compiler/ti-cgt-armllvm_4.0.3.LTS/lib/armv6m-ti-none-eabi/</path>
         <kind>archive</kind>
         <file>libclang_rt.builtins.a</file>
         <name>aeabi_dcmp.S.obj</name>
      </input_file>
      <input_file id="fl-102">
         <path>/home/mihir/CMPE146/CCS_20.2.0.00012_linux/ccs2020/ccs/tools/compiler/ti-cgt-armllvm_4.0.3.LTS/lib/armv6m-ti-none-eabi/</path>
         <kind>archive</kind>
         <file>libclang_rt.builtins.a</file>
         <name>aeabi_idivmod.S.obj</name>
      </input_file>
      <input_file id="fl-103">
         <path>/home/mihir/CMPE146/CCS_20.2.0.00012_linux/ccs2020/ccs/tools/compiler/ti-cgt-armllvm_4.0.3.LTS/lib/armv6m-ti-none-eabi/</path>
         <kind>archive</kind>
         <file>libclang_rt.builtins.a</file>
         <name>aeabi_memcpy.S.obj</name>
      </input_file>
      <input_file id="fl-104">
         <path>/home/mihir/CMPE146/CCS_20.2.0.00012_linux/ccs2020/ccs/tools/compiler/ti-cgt-armllvm_4.0.3.LTS/lib/armv6m-ti-none-eabi/</path>
         <kind>archive</kind>
         <file>libclang_rt.builtins.a</file>
         <name>aeabi_memset.S.obj</name>
      </input_file>
      <input_file id="fl-105">
         <path>/home/mihir/CMPE146/CCS_20.2.0.00012_linux/ccs2020/ccs/tools/compiler/ti-cgt-armllvm_4.0.3.LTS/lib/armv6m-ti-none-eabi/</path>
         <kind>archive</kind>
         <file>libclang_rt.builtins.a</file>
         <name>aeabi_uidivmod.S.obj</name>
      </input_file>
      <input_file id="fl-106">
         <path>/home/mihir/CMPE146/CCS_20.2.0.00012_linux/ccs2020/ccs/tools/compiler/ti-cgt-armllvm_4.0.3.LTS/lib/armv6m-ti-none-eabi/</path>
         <kind>archive</kind>
         <file>libclang_rt.builtins.a</file>
         <name>aeabi_uldivmod.S.obj</name>
      </input_file>
      <input_file id="fl-107">
         <path>/home/mihir/CMPE146/CCS_20.2.0.00012_linux/ccs2020/ccs/tools/compiler/ti-cgt-armllvm_4.0.3.LTS/lib/armv6m-ti-none-eabi/</path>
         <kind>archive</kind>
         <file>libclang_rt.builtins.a</file>
         <name>udivmoddi4.S.obj</name>
      </input_file>
      <input_file id="fl-108">
         <path>/home/mihir/CMPE146/CCS_20.2.0.00012_linux/ccs2020/ccs/tools/compiler/ti-cgt-armllvm_4.0.3.LTS/lib/armv6m-ti-none-eabi/</path>
         <kind>archive</kind>
         <file>libclang_rt.builtins.a</file>
         <name>ashldi3.S.obj</name>
      </input_file>
      <input_file id="fl-109">
         <path>/home/mihir/CMPE146/CCS_20.2.0.00012_linux/ccs2020/ccs/tools/compiler/ti-cgt-armllvm_4.0.3.LTS/lib/armv6m-ti-none-eabi/</path>
         <kind>archive</kind>
         <file>libclang_rt.builtins.a</file>
         <name>comparedf2.c.obj</name>
      </input_file>
      <input_file id="fl-10a">
         <path>/home/mihir/CMPE146/CCS_20.2.0.00012_linux/ccs2020/ccs/tools/compiler/ti-cgt-armllvm_4.0.3.LTS/lib/armv6m-ti-none-eabi/</path>
         <kind>archive</kind>
         <file>libclang_rt.builtins.a</file>
         <name>aeabi_div0.c.obj</name>
      </input_file>
      <input_file id="fl-10b">
         <path>/home/mihir/CMPE146/CCS_20.2.0.00012_linux/ccs2020/ccs/tools/compiler/ti-cgt-armllvm_4.0.3.LTS/lib/armv6m-ti-none-eabi/c/</path>
         <kind>archive</kind>
         <file>libc.a</file>
         <name>getdevice.c.obj</name>
      </input_file>
      <input_file id="fl-10c">
         <path>/home/mihir/CMPE146/CCS_20.2.0.00012_linux/ccs2020/ccs/tools/compiler/ti-cgt-armllvm_4.0.3.LTS/lib/armv6m-ti-none-eabi/c/</path>
         <kind>archive</kind>
         <file>libc.a</file>
         <name>memcpy16.S.obj</name>
      </input_file>
      <input_file id="fl-10d">
         <path>/home/mihir/CMPE146/CCS_20.2.0.00012_linux/ccs2020/ccs/tools/compiler/ti-cgt-armllvm_4.0.3.LTS/lib/armv6m-ti-none-eabi/c/</path>
         <kind>archive</kind>
         <file>libc.a</file>
         <name>memset16.S.obj</name>
      </input_file>
      <input_file id="fl-10e">
         <path>/home/mihir/CMPE146/CCS_20.2.0.00012_linux/ccs2020/ccs/tools/compiler/ti-cgt-armllvm_4.0.3.LTS/lib/armv6m-ti-none-eabi/c/</path>
         <kind>archive</kind>
         <file>libc.a</file>
         <name>strcmp-armv6m.S.obj</name>
      </input_file>
   </input_file_list>
   <object_component_list>
      <object_component id="oc-18">
         <name>.intvecs</name>
         <load_address>0x0</load_address>
         <readonly>true</readonly>
         <run_address>0x0</run_address>
         <size>0xc0</size>
         <alignment>0x4</alignment>
         <input_file_ref idref="fl-2"/>
      </object_component>
      <object_component id="oc-f1">
         <name>.text:__TI_printfi</name>
         <load_address>0xc0</load_address>
         <readonly>true</readonly>
         <executable>true</executable>
         <run_address>0xc0</run_address>
         <size>0x9d0</size>
         <alignment>0x4</alignment>
         <input_file_ref idref="fl-2a"/>
      </object_component>
      <object_component id="oc-133">
         <name>.text._pconv_a</name>
         <load_address>0xa90</load_address>
         <readonly>true</readonly>
         <executable>true</executable>
         <run_address>0xa90</run_address>
         <size>0x220</size>
         <alignment>0x4</alignment>
         <input_file_ref idref="fl-2a"/>
      </object_component>
      <object_component id="oc-138">
         <name>.text._pconv_g</name>
         <load_address>0xcb0</load_address>
         <readonly>true</readonly>
         <executable>true</executable>
         <run_address>0xcb0</run_address>
         <size>0x1dc</size>
         <alignment>0x4</alignment>
         <input_file_ref idref="fl-2a"/>
      </object_component>
      <object_component id="oc-18a">
         <name>.text.adddf3_subdf3</name>
         <load_address>0xe8c</load_address>
         <readonly>true</readonly>
         <executable>true</executable>
         <run_address>0xe8c</run_address>
         <size>0x192</size>
         <alignment>0x4</alignment>
         <input_file_ref idref="fl-f9"/>
      </object_component>
      <object_component id="oc-33">
         <name>.text.Default_Handler</name>
         <load_address>0x101e</load_address>
         <readonly>true</readonly>
         <executable>true</executable>
         <run_address>0x101e</run_address>
         <size>0x2</size>
         <alignment>0x2</alignment>
         <input_file_ref idref="fl-2"/>
      </object_component>
      <object_component id="oc-63">
         <name>.text.main</name>
         <load_address>0x1020</load_address>
         <readonly>true</readonly>
         <executable>true</executable>
         <run_address>0x1020</run_address>
         <size>0x144</size>
         <alignment>0x4</alignment>
         <input_file_ref idref="fl-3"/>
      </object_component>
      <object_component id="oc-18e">
         <name>.text.fcvt</name>
         <load_address>0x1164</load_address>
         <readonly>true</readonly>
         <executable>true</executable>
         <run_address>0x1164</run_address>
         <size>0x13c</size>
         <alignment>0x4</alignment>
         <input_file_ref idref="fl-2a"/>
      </object_component>
      <object_component id="oc-13a">
         <name>.text._pconv_e</name>
         <load_address>0x12a0</load_address>
         <readonly>true</readonly>
         <executable>true</executable>
         <run_address>0x12a0</run_address>
         <size>0x120</size>
         <alignment>0x4</alignment>
         <input_file_ref idref="fl-2a"/>
      </object_component>
      <object_component id="oc-1e1">
         <name>.text.aligned_alloc</name>
         <load_address>0x13c0</load_address>
         <readonly>true</readonly>
         <executable>true</executable>
         <run_address>0x13c0</run_address>
         <size>0x114</size>
         <alignment>0x4</alignment>
         <input_file_ref idref="fl-3a"/>
      </object_component>
      <object_component id="oc-95">
         <name>.text.__divdf3</name>
         <load_address>0x14d4</load_address>
         <readonly>true</readonly>
         <executable>true</executable>
         <run_address>0x14d4</run_address>
         <size>0x10c</size>
         <alignment>0x4</alignment>
         <input_file_ref idref="fl-fc"/>
      </object_component>
      <object_component id="oc-fb">
         <name>.text.fputs</name>
         <load_address>0x15e0</load_address>
         <readonly>true</readonly>
         <executable>true</executable>
         <run_address>0x15e0</run_address>
         <size>0xf8</size>
         <alignment>0x4</alignment>
         <input_file_ref idref="fl-2c"/>
      </object_component>
      <object_component id="oc-86">
         <name>.text.DL_Timer_initTimerMode</name>
         <load_address>0x16d8</load_address>
         <readonly>true</readonly>
         <executable>true</executable>
         <run_address>0x16d8</run_address>
         <size>0xe8</size>
         <alignment>0x4</alignment>
         <input_file_ref idref="fl-12"/>
      </object_component>
      <object_component id="oc-1c1">
         <name>.text.free</name>
         <load_address>0x17c0</load_address>
         <readonly>true</readonly>
         <executable>true</executable>
         <run_address>0x17c0</run_address>
         <size>0xe8</size>
         <alignment>0x4</alignment>
         <input_file_ref idref="fl-3a"/>
      </object_component>
      <object_component id="oc-91">
         <name>.text.__muldf3</name>
         <load_address>0x18a8</load_address>
         <readonly>true</readonly>
         <executable>true</executable>
         <run_address>0x18a8</run_address>
         <size>0xe4</size>
         <alignment>0x4</alignment>
         <input_file_ref idref="fl-fa"/>
      </object_component>
      <object_component id="oc-196">
         <name>.text.setvbuf</name>
         <load_address>0x198c</load_address>
         <readonly>true</readonly>
         <executable>true</executable>
         <run_address>0x198c</run_address>
         <size>0xe0</size>
         <alignment>0x4</alignment>
         <input_file_ref idref="fl-2e"/>
      </object_component>
      <object_component id="oc-16d">
         <name>.text.scalbn</name>
         <load_address>0x1a6c</load_address>
         <readonly>true</readonly>
         <executable>true</executable>
         <run_address>0x1a6c</run_address>
         <size>0xd8</size>
         <alignment>0x4</alignment>
         <input_file_ref idref="fl-30"/>
      </object_component>
      <object_component id="oc-164">
         <name>.text</name>
         <load_address>0x1b44</load_address>
         <readonly>true</readonly>
         <executable>true</executable>
         <run_address>0x1b44</run_address>
         <size>0xa2</size>
         <alignment>0x4</alignment>
         <input_file_ref idref="fl-107"/>
      </object_component>
      <object_component id="oc-c0">
         <name>.text.SYSCFG_DL_GPIO_init</name>
         <load_address>0x1be6</load_address>
         <readonly>true</readonly>
         <executable>true</executable>
         <run_address>0x1be6</run_address>
         <size>0x2</size>
         <alignment>0x2</alignment>
         <input_file_ref idref="fl-1"/>
      </object_component>
      <object_component id="oc-101">
         <name>.text.fputc</name>
         <load_address>0x1be8</load_address>
         <readonly>true</readonly>
         <executable>true</executable>
         <run_address>0x1be8</run_address>
         <size>0x9c</size>
         <alignment>0x4</alignment>
         <input_file_ref idref="fl-2b"/>
      </object_component>
      <object_component id="oc-76">
         <name>.text:memcpy</name>
         <load_address>0x1c84</load_address>
         <readonly>true</readonly>
         <executable>true</executable>
         <run_address>0x1c84</run_address>
         <size>0x9a</size>
         <alignment>0x1</alignment>
         <input_file_ref idref="fl-10c"/>
      </object_component>
      <object_component id="oc-152">
         <name>.text.__aeabi_idiv0</name>
         <load_address>0x1d1e</load_address>
         <readonly>true</readonly>
         <executable>true</executable>
         <run_address>0x1d1e</run_address>
         <size>0x2</size>
         <alignment>0x2</alignment>
         <input_file_ref idref="fl-10a"/>
      </object_component>
      <object_component id="oc-251">
         <name>.text:strcmp</name>
         <load_address>0x1d20</load_address>
         <readonly>true</readonly>
         <executable>true</executable>
         <run_address>0x1d20</run_address>
         <size>0x88</size>
         <alignment>0x10</alignment>
         <input_file_ref idref="fl-10e"/>
      </object_component>
      <object_component id="oc-1e2">
         <name>.text.__TI_closefile</name>
         <load_address>0x1da8</load_address>
         <readonly>true</readonly>
         <executable>true</executable>
         <run_address>0x1da8</run_address>
         <size>0x7c</size>
         <alignment>0x4</alignment>
         <input_file_ref idref="fl-49"/>
      </object_component>
      <object_component id="oc-1c">
         <name>.text:decompress:lzss</name>
         <load_address>0x1e24</load_address>
         <readonly>true</readonly>
         <executable>true</executable>
         <run_address>0x1e24</run_address>
         <size>0x7c</size>
         <alignment>0x4</alignment>
         <input_file_ref idref="fl-3d"/>
      </object_component>
      <object_component id="oc-188">
         <name>.text.__gedf2</name>
         <load_address>0x1ea0</load_address>
         <readonly>true</readonly>
         <executable>true</executable>
         <run_address>0x1ea0</run_address>
         <size>0x74</size>
         <alignment>0x4</alignment>
         <input_file_ref idref="fl-109"/>
      </object_component>
      <object_component id="oc-1fb">
         <name>.text.HOSTlseek</name>
         <load_address>0x1f14</load_address>
         <readonly>true</readonly>
         <executable>true</executable>
         <run_address>0x1f14</run_address>
         <size>0x6c</size>
         <alignment>0x4</alignment>
         <input_file_ref idref="fl-f2"/>
      </object_component>
      <object_component id="oc-203">
         <name>.text.HOSTrename</name>
         <load_address>0x1f80</load_address>
         <readonly>true</readonly>
         <executable>true</executable>
         <run_address>0x1f80</run_address>
         <size>0x6c</size>
         <alignment>0x4</alignment>
         <input_file_ref idref="fl-f5"/>
      </object_component>
      <object_component id="oc-1be">
         <name>.text.fseeko</name>
         <load_address>0x1fec</load_address>
         <readonly>true</readonly>
         <executable>true</executable>
         <run_address>0x1fec</run_address>
         <size>0x6c</size>
         <alignment>0x4</alignment>
         <input_file_ref idref="fl-43"/>
      </object_component>
      <object_component id="oc-245">
         <name>.text.getdevice</name>
         <load_address>0x2058</load_address>
         <readonly>true</readonly>
         <executable>true</executable>
         <run_address>0x2058</run_address>
         <size>0x6c</size>
         <alignment>0x4</alignment>
         <input_file_ref idref="fl-10b"/>
      </object_component>
      <object_component id="oc-182">
         <name>.text.__ledf2</name>
         <load_address>0x20c4</load_address>
         <readonly>true</readonly>
         <executable>true</executable>
         <run_address>0x20c4</run_address>
         <size>0x68</size>
         <alignment>0x4</alignment>
         <input_file_ref idref="fl-109"/>
      </object_component>
      <object_component id="oc-181">
         <name>.text._mcpy</name>
         <load_address>0x212c</load_address>
         <readonly>true</readonly>
         <executable>true</executable>
         <run_address>0x212c</run_address>
         <size>0x66</size>
         <alignment>0x2</alignment>
         <input_file_ref idref="fl-2a"/>
      </object_component>
      <object_component id="oc-13b">
         <name>.text.__TI_wrt_ok</name>
         <load_address>0x2192</load_address>
         <readonly>true</readonly>
         <executable>true</executable>
         <run_address>0x2192</run_address>
         <size>0x64</size>
         <alignment>0x2</alignment>
         <input_file_ref idref="fl-2d"/>
      </object_component>
      <object_component id="oc-1a6">
         <name>.text.__aeabi_ldiv0</name>
         <load_address>0x21f6</load_address>
         <readonly>true</readonly>
         <executable>true</executable>
         <run_address>0x21f6</run_address>
         <size>0x2</size>
         <alignment>0x2</alignment>
         <input_file_ref idref="fl-10a"/>
      </object_component>
      <object_component id="oc-20d">
         <name>.text.split</name>
         <load_address>0x21f8</load_address>
         <readonly>true</readonly>
         <executable>true</executable>
         <run_address>0x21f8</run_address>
         <size>0x64</size>
         <alignment>0x4</alignment>
         <input_file_ref idref="fl-3a"/>
      </object_component>
      <object_component id="oc-134">
         <name>.text.__aeabi_dcmp</name>
         <load_address>0x225c</load_address>
         <readonly>true</readonly>
         <executable>true</executable>
         <run_address>0x225c</run_address>
         <size>0x62</size>
         <alignment>0x4</alignment>
         <input_file_ref idref="fl-101"/>
      </object_component>
      <object_component id="oc-be">
         <name>.text:memset</name>
         <load_address>0x22be</load_address>
         <readonly>true</readonly>
         <executable>true</executable>
         <run_address>0x22be</run_address>
         <size>0x62</size>
         <alignment>0x1</alignment>
         <input_file_ref idref="fl-10d"/>
      </object_component>
      <object_component id="oc-1eb">
         <name>.text.HOSTopen</name>
         <load_address>0x2320</load_address>
         <readonly>true</readonly>
         <executable>true</executable>
         <run_address>0x2320</run_address>
         <size>0x60</size>
         <alignment>0x4</alignment>
         <input_file_ref idref="fl-f3"/>
      </object_component>
      <object_component id="oc-169">
         <name>.text.frexp</name>
         <load_address>0x2380</load_address>
         <readonly>true</readonly>
         <executable>true</executable>
         <run_address>0x2380</run_address>
         <size>0x5c</size>
         <alignment>0x4</alignment>
         <input_file_ref idref="fl-2f"/>
      </object_component>
      <object_component id="oc-87">
         <name>.text.printf</name>
         <load_address>0x23dc</load_address>
         <readonly>true</readonly>
         <executable>true</executable>
         <run_address>0x23dc</run_address>
         <size>0x5c</size>
         <alignment>0x4</alignment>
         <input_file_ref idref="fl-29"/>
      </object_component>
      <object_component id="oc-1f3">
         <name>.text.HOSTread</name>
         <load_address>0x2438</load_address>
         <readonly>true</readonly>
         <executable>true</executable>
         <run_address>0x2438</run_address>
         <size>0x58</size>
         <alignment>0x4</alignment>
         <input_file_ref idref="fl-f4"/>
      </object_component>
      <object_component id="oc-1f7">
         <name>.text.HOSTwrite</name>
         <load_address>0x2490</load_address>
         <readonly>true</readonly>
         <executable>true</executable>
         <run_address>0x2490</run_address>
         <size>0x58</size>
         <alignment>0x4</alignment>
         <input_file_ref idref="fl-f7"/>
      </object_component>
      <object_component id="oc-175">
         <name>.text.__TI_ltoa</name>
         <load_address>0x24e8</load_address>
         <readonly>true</readonly>
         <executable>true</executable>
         <run_address>0x24e8</run_address>
         <size>0x58</size>
         <alignment>0x2</alignment>
         <input_file_ref idref="fl-35"/>
      </object_component>
      <object_component id="oc-139">
         <name>.text._pconv_f</name>
         <load_address>0x2540</load_address>
         <readonly>true</readonly>
         <executable>true</executable>
         <run_address>0x2540</run_address>
         <size>0x58</size>
         <alignment>0x2</alignment>
         <input_file_ref idref="fl-2a"/>
      </object_component>
      <object_component id="oc-1b3">
         <name>.text.__aeabi_idivmod</name>
         <load_address>0x2598</load_address>
         <readonly>true</readonly>
         <executable>true</executable>
         <run_address>0x2598</run_address>
         <size>0x56</size>
         <alignment>0x4</alignment>
         <input_file_ref idref="fl-102"/>
      </object_component>
      <object_component id="oc-145">
         <name>.text.__TI_doflush</name>
         <load_address>0x25ee</load_address>
         <readonly>true</readonly>
         <executable>true</executable>
         <run_address>0x25ee</run_address>
         <size>0x52</size>
         <alignment>0x2</alignment>
         <input_file_ref idref="fl-41"/>
      </object_component>
      <object_component id="oc-17f">
         <name>.text._ecpy</name>
         <load_address>0x2640</load_address>
         <readonly>true</readonly>
         <executable>true</executable>
         <run_address>0x2640</run_address>
         <size>0x52</size>
         <alignment>0x2</alignment>
         <input_file_ref idref="fl-2a"/>
      </object_component>
      <object_component id="oc-f2">
         <name>.text._nop</name>
         <load_address>0x2692</load_address>
         <readonly>true</readonly>
         <executable>true</executable>
         <run_address>0x2692</run_address>
         <size>0x2</size>
         <alignment>0x2</alignment>
         <input_file_ref idref="fl-34"/>
      </object_component>
      <object_component id="oc-20f">
         <name>.text.close</name>
         <load_address>0x2694</load_address>
         <readonly>true</readonly>
         <executable>true</executable>
         <run_address>0x2694</run_address>
         <size>0x50</size>
         <alignment>0x4</alignment>
         <input_file_ref idref="fl-ef"/>
      </object_component>
      <object_component id="oc-171">
         <name>.text.__fixdfsi</name>
         <load_address>0x26e4</load_address>
         <readonly>true</readonly>
         <executable>true</executable>
         <run_address>0x26e4</run_address>
         <size>0x4a</size>
         <alignment>0x4</alignment>
         <input_file_ref idref="fl-fd"/>
      </object_component>
      <object_component id="oc-1ef">
         <name>.text.HOSTclose</name>
         <load_address>0x2730</load_address>
         <readonly>true</readonly>
         <executable>true</executable>
         <run_address>0x2730</run_address>
         <size>0x48</size>
         <alignment>0x4</alignment>
         <input_file_ref idref="fl-f1"/>
      </object_component>
      <object_component id="oc-1ff">
         <name>.text.HOSTunlink</name>
         <load_address>0x2778</load_address>
         <readonly>true</readonly>
         <executable>true</executable>
         <run_address>0x2778</run_address>
         <size>0x48</size>
         <alignment>0x4</alignment>
         <input_file_ref idref="fl-f6"/>
      </object_component>
      <object_component id="oc-c1">
         <name>.text.SYSCFG_DL_SYSCTL_init</name>
         <load_address>0x27c0</load_address>
         <readonly>true</readonly>
         <executable>true</executable>
         <run_address>0x27c0</run_address>
         <size>0x40</size>
         <alignment>0x4</alignment>
         <input_file_ref idref="fl-1"/>
      </object_component>
      <object_component id="oc-117">
         <name>.text.__aeabi_uidivmod</name>
         <load_address>0x2800</load_address>
         <readonly>true</readonly>
         <executable>true</executable>
         <run_address>0x2800</run_address>
         <size>0x40</size>
         <alignment>0x4</alignment>
         <input_file_ref idref="fl-105"/>
      </object_component>
      <object_component id="oc-11d">
         <name>.text.atoi</name>
         <load_address>0x2840</load_address>
         <readonly>true</readonly>
         <executable>true</executable>
         <run_address>0x2840</run_address>
         <size>0x40</size>
         <alignment>0x4</alignment>
         <input_file_ref idref="fl-37"/>
      </object_component>
      <object_component id="oc-a6">
         <name>.text:__TI_auto_init_nobinit_nopinit</name>
         <load_address>0x2880</load_address>
         <readonly>true</readonly>
         <executable>true</executable>
         <run_address>0x2880</run_address>
         <size>0x3c</size>
         <alignment>0x4</alignment>
         <input_file_ref idref="fl-46"/>
      </object_component>
      <object_component id="oc-d2">
         <name>.text.__muldsi3</name>
         <load_address>0x28bc</load_address>
         <readonly>true</readonly>
         <executable>true</executable>
         <run_address>0x28bc</run_address>
         <size>0x3a</size>
         <alignment>0x4</alignment>
         <input_file_ref idref="fl-fb"/>
      </object_component>
      <object_component id="oc-1c8">
         <name>.text.__TI_cleanup</name>
         <load_address>0x28f8</load_address>
         <readonly>true</readonly>
         <executable>true</executable>
         <run_address>0x28f8</run_address>
         <size>0x34</size>
         <alignment>0x4</alignment>
         <input_file_ref idref="fl-42"/>
      </object_component>
      <object_component id="oc-220">
         <name>.text.__TI_readmsg</name>
         <load_address>0x292c</load_address>
         <readonly>true</readonly>
         <executable>true</executable>
         <run_address>0x292c</run_address>
         <size>0x34</size>
         <alignment>0x4</alignment>
         <input_file_ref idref="fl-f8"/>
      </object_component>
      <object_component id="oc-21a">
         <name>.text.__TI_writemsg</name>
         <load_address>0x2960</load_address>
         <readonly>true</readonly>
         <executable>true</executable>
         <run_address>0x2960</run_address>
         <size>0x34</size>
         <alignment>0x4</alignment>
         <input_file_ref idref="fl-f8"/>
      </object_component>
      <object_component id="oc-a4">
         <name>.text.exit</name>
         <load_address>0x2994</load_address>
         <readonly>true</readonly>
         <executable>true</executable>
         <run_address>0x2994</run_address>
         <size>0x34</size>
         <alignment>0x4</alignment>
         <input_file_ref idref="fl-33"/>
      </object_component>
      <object_component id="oc-24e">
         <name>.text.finddevice</name>
         <load_address>0x29c8</load_address>
         <readonly>true</readonly>
         <executable>true</executable>
         <run_address>0x29c8</run_address>
         <size>0x34</size>
         <alignment>0x4</alignment>
         <input_file_ref idref="fl-10b"/>
      </object_component>
      <object_component id="oc-180">
         <name>.text._fcpy</name>
         <load_address>0x29fc</load_address>
         <readonly>true</readonly>
         <executable>true</executable>
         <run_address>0x29fc</run_address>
         <size>0x30</size>
         <alignment>0x2</alignment>
         <input_file_ref idref="fl-2a"/>
      </object_component>
      <object_component id="oc-bf">
         <name>.text.SYSCFG_DL_initPower</name>
         <load_address>0x2a2c</load_address>
         <readonly>true</readonly>
         <executable>true</executable>
         <run_address>0x2a2c</run_address>
         <size>0x2c</size>
         <alignment>0x4</alignment>
         <input_file_ref idref="fl-1"/>
      </object_component>
      <object_component id="oc-179">
         <name>.text.__floatsidf</name>
         <load_address>0x2a58</load_address>
         <readonly>true</readonly>
         <executable>true</executable>
         <run_address>0x2a58</run_address>
         <size>0x2c</size>
         <alignment>0x4</alignment>
         <input_file_ref idref="fl-fe"/>
      </object_component>
      <object_component id="oc-23b">
         <name>.text.unlink</name>
         <load_address>0x2a84</load_address>
         <readonly>true</readonly>
         <executable>true</executable>
         <run_address>0x2a84</run_address>
         <size>0x2c</size>
         <alignment>0x4</alignment>
         <input_file_ref idref="fl-f0"/>
      </object_component>
      <object_component id="oc-1dd">
         <name>.text.free_list_insert</name>
         <load_address>0x2ab0</load_address>
         <readonly>true</readonly>
         <executable>true</executable>
         <run_address>0x2ab0</run_address>
         <size>0x28</size>
         <alignment>0x4</alignment>
         <input_file_ref idref="fl-3a"/>
      </object_component>
      <object_component id="oc-1d7">
         <name>.text.lseek</name>
         <load_address>0x2ad8</load_address>
         <readonly>true</readonly>
         <executable>true</executable>
         <run_address>0x2ad8</run_address>
         <size>0x28</size>
         <alignment>0x4</alignment>
         <input_file_ref idref="fl-ee"/>
      </object_component>
      <object_component id="oc-141">
         <name>.text.write</name>
         <load_address>0x2b00</load_address>
         <readonly>true</readonly>
         <executable>true</executable>
         <run_address>0x2b00</run_address>
         <size>0x28</size>
         <alignment>0x4</alignment>
         <input_file_ref idref="fl-ea"/>
      </object_component>
      <object_component id="oc-4f">
         <name>.text:_c_int00_noargs</name>
         <load_address>0x2b28</load_address>
         <readonly>true</readonly>
         <executable>true</executable>
         <run_address>0x2b28</run_address>
         <size>0x28</size>
         <alignment>0x4</alignment>
         <input_file_ref idref="fl-3e"/>
      </object_component>
      <object_component id="oc-8d">
         <name>.text.__floatunsidf</name>
         <load_address>0x2b50</load_address>
         <readonly>true</readonly>
         <executable>true</executable>
         <run_address>0x2b50</run_address>
         <size>0x24</size>
         <alignment>0x4</alignment>
         <input_file_ref idref="fl-ff"/>
      </object_component>
      <object_component id="oc-12a">
         <name>.text.__muldi3</name>
         <load_address>0x2b74</load_address>
         <readonly>true</readonly>
         <executable>true</executable>
         <run_address>0x2b74</run_address>
         <size>0x24</size>
         <alignment>0x4</alignment>
         <input_file_ref idref="fl-100"/>
      </object_component>
      <object_component id="oc-112">
         <name>.text.memccpy</name>
         <load_address>0x2b98</load_address>
         <readonly>true</readonly>
         <executable>true</executable>
         <run_address>0x2b98</run_address>
         <size>0x22</size>
         <alignment>0x2</alignment>
         <input_file_ref idref="fl-39"/>
      </object_component>
      <object_component id="oc-1a7">
         <name>.text.__ashldi3</name>
         <load_address>0x2bbc</load_address>
         <readonly>true</readonly>
         <executable>true</executable>
         <run_address>0x2bbc</run_address>
         <size>0x1e</size>
         <alignment>0x4</alignment>
         <input_file_ref idref="fl-108"/>
      </object_component>
      <object_component id="oc-80">
         <name>.text.DL_Timer_setClockConfig</name>
         <load_address>0x2bdc</load_address>
         <readonly>true</readonly>
         <executable>true</executable>
         <run_address>0x2bdc</run_address>
         <size>0x1c</size>
         <alignment>0x4</alignment>
         <input_file_ref idref="fl-12"/>
      </object_component>
      <object_component id="oc-1db">
         <name>.text.free_list_remove</name>
         <load_address>0x2bf8</load_address>
         <readonly>true</readonly>
         <executable>true</executable>
         <run_address>0x2bf8</run_address>
         <size>0x1c</size>
         <alignment>0x4</alignment>
         <input_file_ref idref="fl-3a"/>
      </object_component>
      <object_component id="oc-46">
         <name>.text:decompress:ZI:__TI_zero_init_nomemset</name>
         <load_address>0x2c14</load_address>
         <readonly>true</readonly>
         <executable>true</executable>
         <run_address>0x2c14</run_address>
         <size>0x16</size>
         <alignment>0x2</alignment>
         <input_file_ref idref="fl-3b"/>
      </object_component>
      <object_component id="oc-12f">
         <name>.text.__aeabi_uldivmod</name>
         <load_address>0x2c2c</load_address>
         <readonly>true</readonly>
         <executable>true</executable>
         <run_address>0x2c2c</run_address>
         <size>0x14</size>
         <alignment>0x4</alignment>
         <input_file_ref idref="fl-106"/>
      </object_component>
      <object_component id="oc-17e">
         <name>.text.strchr</name>
         <load_address>0x2c40</load_address>
         <readonly>true</readonly>
         <executable>true</executable>
         <run_address>0x2c40</run_address>
         <size>0x14</size>
         <alignment>0x2</alignment>
         <input_file_ref idref="fl-2a"/>
      </object_component>
      <object_component id="oc-20">
         <name>.text:decompress:none</name>
         <load_address>0x2c54</load_address>
         <readonly>true</readonly>
         <executable>true</executable>
         <run_address>0x2c54</run_address>
         <size>0x12</size>
         <alignment>0x2</alignment>
         <input_file_ref idref="fl-3c"/>
      </object_component>
      <object_component id="oc-7b">
         <name>.text.SYSCFG_DL_init</name>
         <load_address>0x2c66</load_address>
         <readonly>true</readonly>
         <executable>true</executable>
         <run_address>0x2c66</run_address>
         <size>0x10</size>
         <alignment>0x2</alignment>
         <input_file_ref idref="fl-1"/>
      </object_component>
      <object_component id="oc-121">
         <name>.text.wcslen</name>
         <load_address>0x2c76</load_address>
         <readonly>true</readonly>
         <executable>true</executable>
         <run_address>0x2c76</run_address>
         <size>0x10</size>
         <alignment>0x2</alignment>
         <input_file_ref idref="fl-31"/>
      </object_component>
      <object_component id="oc-1dc">
         <name>.text.OUTLINED_FUNCTION_0</name>
         <load_address>0x2c86</load_address>
         <readonly>true</readonly>
         <executable>true</executable>
         <run_address>0x2c86</run_address>
         <size>0xe</size>
         <alignment>0x2</alignment>
         <input_file_ref idref="fl-3a"/>
      </object_component>
      <object_component id="oc-111">
         <name>.text.__aeabi_memset</name>
         <load_address>0x2c94</load_address>
         <readonly>true</readonly>
         <executable>true</executable>
         <run_address>0x2c94</run_address>
         <size>0xe</size>
         <alignment>0x4</alignment>
         <input_file_ref idref="fl-104"/>
      </object_component>
      <object_component id="oc-234">
         <name>.text.strcpy</name>
         <load_address>0x2ca2</load_address>
         <readonly>true</readonly>
         <executable>true</executable>
         <run_address>0x2ca2</run_address>
         <size>0xe</size>
         <alignment>0x2</alignment>
         <input_file_ref idref="fl-f5"/>
      </object_component>
      <object_component id="oc-110">
         <name>.text.strlen</name>
         <load_address>0x2cb0</load_address>
         <readonly>true</readonly>
         <executable>true</executable>
         <run_address>0x2cb0</run_address>
         <size>0xe</size>
         <alignment>0x2</alignment>
         <input_file_ref idref="fl-2a"/>
      </object_component>
      <object_component id="oc-235">
         <name>.text.strlen</name>
         <load_address>0x2cbe</load_address>
         <readonly>true</readonly>
         <executable>true</executable>
         <run_address>0x2cbe</run_address>
         <size>0xe</size>
         <alignment>0x2</alignment>
         <input_file_ref idref="fl-f5"/>
      </object_component>
      <object_component id="oc-5a">
         <name>.text.__aeabi_memclr</name>
         <load_address>0x2ccc</load_address>
         <readonly>true</readonly>
         <executable>true</executable>
         <run_address>0x2ccc</run_address>
         <size>0xc</size>
         <alignment>0x4</alignment>
         <input_file_ref idref="fl-104"/>
      </object_component>
      <object_component id="oc-1c7">
         <name>.text.malloc</name>
         <load_address>0x2cd8</load_address>
         <readonly>true</readonly>
         <executable>true</executable>
         <run_address>0x2cd8</run_address>
         <size>0xc</size>
         <alignment>0x2</alignment>
         <input_file_ref idref="fl-3a"/>
      </object_component>
      <object_component id="oc-e6">
         <name>.text.DL_Common_delayCycles</name>
         <load_address>0x2ce4</load_address>
         <readonly>true</readonly>
         <executable>true</executable>
         <run_address>0x2ce4</run_address>
         <size>0xa</size>
         <alignment>0x2</alignment>
         <input_file_ref idref="fl-11"/>
      </object_component>
      <object_component id="oc-17d">
         <name>.text.OUTLINED_FUNCTION_0</name>
         <load_address>0x2cee</load_address>
         <readonly>true</readonly>
         <executable>true</executable>
         <run_address>0x2cee</run_address>
         <size>0xa</size>
         <alignment>0x2</alignment>
         <input_file_ref idref="fl-2a"/>
      </object_component>
      <object_component id="oc-29e">
         <name>.tramp.__aeabi_dsub.1</name>
         <load_address>0x2cf8</load_address>
         <readonly>true</readonly>
         <executable>true</executable>
         <run_address>0x2cf8</run_address>
         <size>0x10</size>
         <alignment>0x4</alignment>
         <input_file_ref idref="fl-f9"/>
      </object_component>
      <object_component id="oc-18f">
         <name>.text.OUTLINED_FUNCTION_1</name>
         <load_address>0x2d08</load_address>
         <readonly>true</readonly>
         <executable>true</executable>
         <run_address>0x2d08</run_address>
         <size>0xa</size>
         <alignment>0x2</alignment>
         <input_file_ref idref="fl-2a"/>
      </object_component>
      <object_component id="oc-125">
         <name>.text.__aeabi_errno_addr</name>
         <load_address>0x2d14</load_address>
         <readonly>true</readonly>
         <executable>true</executable>
         <run_address>0x2d14</run_address>
         <size>0x8</size>
         <alignment>0x4</alignment>
         <input_file_ref idref="fl-32"/>
      </object_component>
      <object_component id="oc-3f">
         <name>.text.__aeabi_memcpy</name>
         <load_address>0x2d1c</load_address>
         <readonly>true</readonly>
         <executable>true</executable>
         <run_address>0x2d1c</run_address>
         <size>0x8</size>
         <alignment>0x4</alignment>
         <input_file_ref idref="fl-103"/>
      </object_component>
      <object_component id="oc-cd">
         <name>.text._outc</name>
         <load_address>0x2d24</load_address>
         <readonly>true</readonly>
         <executable>true</executable>
         <run_address>0x2d24</run_address>
         <size>0x8</size>
         <alignment>0x2</alignment>
         <input_file_ref idref="fl-29"/>
      </object_component>
      <object_component id="oc-cc">
         <name>.text._outs</name>
         <load_address>0x2d2c</load_address>
         <readonly>true</readonly>
         <executable>true</executable>
         <run_address>0x2d2c</run_address>
         <size>0x8</size>
         <alignment>0x2</alignment>
         <input_file_ref idref="fl-29"/>
      </object_component>
      <object_component id="oc-190">
         <name>.text.fseek</name>
         <load_address>0x2d34</load_address>
         <readonly>true</readonly>
         <executable>true</executable>
         <run_address>0x2d34</run_address>
         <size>0x8</size>
         <alignment>0x2</alignment>
         <input_file_ref idref="fl-43"/>
      </object_component>
      <object_component id="oc-213">
         <name>.text.remove</name>
         <load_address>0x2d3c</load_address>
         <readonly>true</readonly>
         <executable>true</executable>
         <run_address>0x2d3c</run_address>
         <size>0x8</size>
         <alignment>0x2</alignment>
         <input_file_ref idref="fl-ec"/>
      </object_component>
      <object_component id="oc-9f">
         <name>.text:abort</name>
         <load_address>0x2d44</load_address>
         <readonly>true</readonly>
         <executable>true</executable>
         <run_address>0x2d44</run_address>
         <size>0x6</size>
         <alignment>0x2</alignment>
         <input_file_ref idref="fl-33"/>
      </object_component>
      <object_component id="oc-d8">
         <name>.text.HOSTexit</name>
         <load_address>0x2d4a</load_address>
         <readonly>true</readonly>
         <executable>true</executable>
         <run_address>0x2d4a</run_address>
         <size>0x4</size>
         <alignment>0x2</alignment>
         <input_file_ref idref="fl-e9"/>
      </object_component>
      <object_component id="oc-2f">
         <name>.text.Reset_Handler</name>
         <load_address>0x2d4e</load_address>
         <readonly>true</readonly>
         <executable>true</executable>
         <run_address>0x2d4e</run_address>
         <size>0x4</size>
         <alignment>0x2</alignment>
         <input_file_ref idref="fl-2"/>
      </object_component>
      <object_component id="oc-5f">
         <name>.text._system_pre_init</name>
         <load_address>0x2d52</load_address>
         <readonly>true</readonly>
         <executable>true</executable>
         <run_address>0x2d52</run_address>
         <size>0x4</size>
         <alignment>0x2</alignment>
         <input_file_ref idref="fl-47"/>
      </object_component>
      <object_component id="oc-299">
         <name>.cinit..data.load</name>
         <load_address>0x2ec0</load_address>
         <readonly>true</readonly>
         <run_address>0x2ec0</run_address>
         <size>0x5f</size>
         <alignment>0x1</alignment>
      </object_component>
      <object_component id="oc-297">
         <name>__TI_handler_table</name>
         <load_address>0x2f20</load_address>
         <readonly>true</readonly>
         <run_address>0x2f20</run_address>
         <size>0xc</size>
         <alignment>0x4</alignment>
      </object_component>
      <object_component id="oc-29a">
         <name>.cinit..bss.load</name>
         <load_address>0x2f2c</load_address>
         <readonly>true</readonly>
         <run_address>0x2f2c</run_address>
         <size>0x8</size>
         <alignment>0x4</alignment>
      </object_component>
      <object_component id="oc-298">
         <name>__TI_cinit_table</name>
         <load_address>0x2f34</load_address>
         <readonly>true</readonly>
         <run_address>0x2f34</run_address>
         <size>0x10</size>
         <alignment>0x4</alignment>
      </object_component>
      <object_component id="oc-158">
         <name>.rodata:__aeabi_ctype_table_</name>
         <load_address>0x2d60</load_address>
         <readonly>true</readonly>
         <run_address>0x2d60</run_address>
         <size>0x101</size>
         <alignment>0x10</alignment>
         <input_file_ref idref="fl-44"/>
      </object_component>
      <object_component id="oc-9a">
         <name>.rodata.str1.4586462059967936987.1</name>
         <load_address>0x2e61</load_address>
         <readonly>true</readonly>
         <run_address>0x2e61</run_address>
         <size>0x26</size>
         <alignment>0x1</alignment>
         <input_file_ref idref="fl-3"/>
      </object_component>
      <object_component id="oc-12e">
         <name>.rodata.str1.10348868589481759720.1</name>
         <load_address>0x2e87</load_address>
         <readonly>true</readonly>
         <run_address>0x2e87</run_address>
         <size>0x11</size>
         <alignment>0x1</alignment>
         <input_file_ref idref="fl-2a"/>
      </object_component>
      <object_component id="oc-116">
         <name>.rodata.str1.15363888844622738466.1</name>
         <load_address>0x2e98</load_address>
         <readonly>true</readonly>
         <run_address>0x2e98</run_address>
         <size>0x11</size>
         <alignment>0x1</alignment>
         <input_file_ref idref="fl-2a"/>
      </object_component>
      <object_component id="oc-99">
         <name>.rodata.str1.16130980627278971089.1</name>
         <load_address>0x2ea9</load_address>
         <readonly>true</readonly>
         <run_address>0x2ea9</run_address>
         <size>0x11</size>
         <alignment>0x1</alignment>
         <input_file_ref idref="fl-3"/>
      </object_component>
      <object_component id="oc-25f">
         <name>.binit</name>
         <load_address>0x0</load_address>
         <readonly>true</readonly>
         <run_address>0x0</run_address>
         <size>0x0</size>
         <alignment>0x4</alignment>
      </object_component>
      <object_component id="oc-15f">
         <name>.data.__aeabi_errno</name>
         <load_address>0x202009c4</load_address>
         <readwrite>true</readwrite>
         <run_address>0x202009c4</run_address>
         <size>0x4</size>
         <alignment>0x4</alignment>
         <input_file_ref idref="fl-32"/>
      </object_component>
      <object_component id="oc-de">
         <name>.data..L_MergedGlobals</name>
         <load_address>0x202009b8</load_address>
         <readwrite>true</readwrite>
         <run_address>0x202009b8</run_address>
         <size>0x8</size>
         <alignment>0x4</alignment>
         <input_file_ref idref="fl-33"/>
      </object_component>
      <object_component id="oc-c8">
         <name>.data._lock</name>
         <load_address>0x202009c8</load_address>
         <readwrite>true</readwrite>
         <run_address>0x202009c8</run_address>
         <size>0x4</size>
         <alignment>0x4</alignment>
         <input_file_ref idref="fl-34"/>
      </object_component>
      <object_component id="oc-ce">
         <name>.data._unlock</name>
         <load_address>0x202009cc</load_address>
         <readwrite>true</readwrite>
         <run_address>0x202009cc</run_address>
         <size>0x4</size>
         <alignment>0x4</alignment>
         <input_file_ref idref="fl-34"/>
      </object_component>
      <object_component id="oc-ca">
         <name>.data._ftable</name>
         <load_address>0x20200800</load_address>
         <readwrite>true</readwrite>
         <run_address>0x20200800</run_address>
         <size>0xf0</size>
         <alignment>0x4</alignment>
         <input_file_ref idref="fl-38"/>
      </object_component>
      <object_component id="oc-1e8">
         <name>.data.__TI_ft_end</name>
         <load_address>0x202009c0</load_address>
         <readwrite>true</readwrite>
         <run_address>0x202009c0</run_address>
         <size>0x4</size>
         <alignment>0x4</alignment>
         <input_file_ref idref="fl-38"/>
      </object_component>
      <object_component id="oc-20e">
         <name>.data.memory_is_initialized</name>
         <load_address>0x202009d0</load_address>
         <readwrite>true</readwrite>
         <run_address>0x202009d0</run_address>
         <size>0x1</size>
         <alignment>0x4</alignment>
         <input_file_ref idref="fl-3a"/>
      </object_component>
      <object_component id="oc-1d1">
         <name>.data._device</name>
         <load_address>0x202008f0</load_address>
         <readwrite>true</readwrite>
         <run_address>0x202008f0</run_address>
         <size>0x78</size>
         <alignment>0x4</alignment>
         <input_file_ref idref="fl-eb"/>
      </object_component>
      <object_component id="oc-19c">
         <name>.data._stream</name>
         <load_address>0x20200968</load_address>
         <readwrite>true</readwrite>
         <run_address>0x20200968</run_address>
         <size>0x50</size>
         <alignment>0x4</alignment>
         <input_file_ref idref="fl-eb"/>
      </object_component>
      <object_component id="oc-217">
         <name>.bss.__TI_tmpnams</name>
         <uninitialized>true</uninitialized>
         <readwrite>true</readwrite>
         <run_address>0x20200af4</run_address>
         <size>0xa0</size>
         <alignment>0x1</alignment>
         <input_file_ref idref="fl-38"/>
      </object_component>
      <object_component id="oc-20c">
         <name>.bss.sys_free</name>
         <uninitialized>true</uninitialized>
         <readwrite>true</readwrite>
         <run_address>0x20200b9c</run_address>
         <size>0x4</size>
         <alignment>0x4</alignment>
         <input_file_ref idref="fl-3a"/>
      </object_component>
      <object_component id="oc-221">
         <name>.bss.parmbuf</name>
         <uninitialized>true</uninitialized>
         <readwrite>true</readwrite>
         <run_address>0x20200b94</run_address>
         <size>0x8</size>
         <alignment>0x1</alignment>
         <input_file_ref idref="fl-f3"/>
      </object_component>
      <object_component id="oc-242">
         <name>.bss:_CIOBUF_</name>
         <uninitialized>true</uninitialized>
         <readwrite>true</readwrite>
         <run_address>0x202009d4</run_address>
         <size>0x120</size>
         <alignment>0x4</alignment>
         <input_file_ref idref="fl-f8"/>
      </object_component>
      <object_component id="oc-1de">
         <name>.sysmem</name>
         <uninitialized>true</uninitialized>
         <readwrite>true</readwrite>
         <run_address>0x20200000</run_address>
         <size>0x10</size>
         <alignment>0x8</alignment>
         <input_file_ref idref="fl-3a"/>
      </object_component>
      <object_component id="oc-29d">
         <name>.sysmem</name>
         <uninitialized>true</uninitialized>
         <readwrite>true</readwrite>
         <run_address>0x20200000</run_address>
         <size>0x0</size>
         <alignment>0x4</alignment>
      </object_component>
      <object_component id="oc-1a">
         <name>.stack</name>
         <uninitialized>true</uninitialized>
         <readwrite>true</readwrite>
         <run_address>0x20207e00</run_address>
         <size>0x4</size>
         <alignment>0x4</alignment>
         <input_file_ref idref="fl-3e"/>
      </object_component>
      <object_component id="oc-29c">
         <name>.stack</name>
         <uninitialized>true</uninitialized>
         <readwrite>true</readwrite>
         <run_address>0x20207e00</run_address>
         <size>0x0</size>
         <alignment>0x8</alignment>
      </object_component>
      <object_component id="oc-c2">
         <name>.debug_loc</name>
         <load_address>0x0</load_address>
         <run_address>0x0</run_address>
         <size>0x5c</size>
         <alignment>0x1</alignment>
         <input_file_ref idref="fl-1"/>
      </object_component>
      <object_component id="oc-9d">
         <name>.debug_loc</name>
         <load_address>0x5c</load_address>
         <run_address>0x5c</run_address>
         <size>0x13c</size>
         <alignment>0x1</alignment>
         <input_file_ref idref="fl-3"/>
      </object_component>
      <object_component id="oc-10f">
         <name>.debug_loc</name>
         <load_address>0x198</load_address>
         <run_address>0x198</run_address>
         <size>0x13</size>
         <alignment>0x1</alignment>
         <input_file_ref idref="fl-11"/>
      </object_component>
      <object_component id="oc-81">
         <name>.debug_loc</name>
         <load_address>0x1ab</load_address>
         <run_address>0x1ab</run_address>
         <size>0x1a27</size>
         <alignment>0x1</alignment>
         <input_file_ref idref="fl-12"/>
      </object_component>
      <object_component id="oc-88">
         <name>.debug_loc</name>
         <load_address>0x1bd2</load_address>
         <run_address>0x1bd2</run_address>
         <size>0x10a</size>
         <alignment>0x1</alignment>
         <input_file_ref idref="fl-29"/>
      </object_component>
      <object_component id="oc-eb">
         <name>.debug_loc</name>
         <load_address>0x1cdc</load_address>
         <run_address>0x1cdc</run_address>
         <size>0x32d8</size>
         <alignment>0x1</alignment>
         <input_file_ref idref="fl-2a"/>
      </object_component>
      <object_component id="oc-102">
         <name>.debug_loc</name>
         <load_address>0x4fb4</load_address>
         <run_address>0x4fb4</run_address>
         <size>0x150</size>
         <alignment>0x1</alignment>
         <input_file_ref idref="fl-2b"/>
      </object_component>
      <object_component id="oc-fc">
         <name>.debug_loc</name>
         <load_address>0x5104</load_address>
         <run_address>0x5104</run_address>
         <size>0x219</size>
         <alignment>0x1</alignment>
         <input_file_ref idref="fl-2c"/>
      </object_component>
      <object_component id="oc-13c">
         <name>.debug_loc</name>
         <load_address>0x531d</load_address>
         <run_address>0x531d</run_address>
         <size>0xbf</size>
         <alignment>0x1</alignment>
         <input_file_ref idref="fl-2d"/>
      </object_component>
      <object_component id="oc-1d0">
         <name>.debug_loc</name>
         <load_address>0x53dc</load_address>
         <run_address>0x53dc</run_address>
         <size>0xa8</size>
         <alignment>0x1</alignment>
         <input_file_ref idref="fl-2e"/>
      </object_component>
      <object_component id="oc-1ae">
         <name>.debug_loc</name>
         <load_address>0x5484</load_address>
         <run_address>0x5484</run_address>
         <size>0x9c</size>
         <alignment>0x1</alignment>
         <input_file_ref idref="fl-2f"/>
      </object_component>
      <object_component id="oc-1b1">
         <name>.debug_loc</name>
         <load_address>0x5520</load_address>
         <run_address>0x5520</run_address>
         <size>0x127</size>
         <alignment>0x1</alignment>
         <input_file_ref idref="fl-30"/>
      </object_component>
      <object_component id="oc-15e">
         <name>.debug_loc</name>
         <load_address>0x5647</load_address>
         <run_address>0x5647</run_address>
         <size>0x33</size>
         <alignment>0x1</alignment>
         <input_file_ref idref="fl-31"/>
      </object_component>
      <object_component id="oc-162">
         <name>.debug_loc</name>
         <load_address>0x567a</load_address>
         <run_address>0x567a</run_address>
         <size>0x101</size>
         <alignment>0x1</alignment>
         <input_file_ref idref="fl-32"/>
      </object_component>
      <object_component id="oc-a5">
         <name>.debug_loc</name>
         <load_address>0x577b</load_address>
         <run_address>0x577b</run_address>
         <size>0x26</size>
         <alignment>0x1</alignment>
         <input_file_ref idref="fl-33"/>
      </object_component>
      <object_component id="oc-1b9">
         <name>.debug_loc</name>
         <load_address>0x57a1</load_address>
         <run_address>0x57a1</run_address>
         <size>0x8f</size>
         <alignment>0x1</alignment>
         <input_file_ref idref="fl-35"/>
      </object_component>
      <object_component id="oc-15b">
         <name>.debug_loc</name>
         <load_address>0x5830</load_address>
         <run_address>0x5830</run_address>
         <size>0x66</size>
         <alignment>0x1</alignment>
         <input_file_ref idref="fl-37"/>
      </object_component>
      <object_component id="oc-151">
         <name>.debug_loc</name>
         <load_address>0x5896</load_address>
         <run_address>0x5896</run_address>
         <size>0xbf</size>
         <alignment>0x1</alignment>
         <input_file_ref idref="fl-39"/>
      </object_component>
      <object_component id="oc-1c2">
         <name>.debug_loc</name>
         <load_address>0x5955</load_address>
         <run_address>0x5955</run_address>
         <size>0x714</size>
         <alignment>0x1</alignment>
         <input_file_ref idref="fl-3a"/>
      </object_component>
      <object_component id="oc-47">
         <name>.debug_loc</name>
         <load_address>0x6069</load_address>
         <run_address>0x6069</run_address>
         <size>0x16c</size>
         <alignment>0x1</alignment>
         <input_file_ref idref="fl-3b"/>
      </object_component>
      <object_component id="oc-45">
         <name>.debug_loc</name>
         <load_address>0x61d5</load_address>
         <run_address>0x61d5</run_address>
         <size>0x6f</size>
         <alignment>0x1</alignment>
         <input_file_ref idref="fl-3c"/>
      </object_component>
      <object_component id="oc-3d">
         <name>.debug_loc</name>
         <load_address>0x6244</load_address>
         <run_address>0x6244</run_address>
         <size>0x167</size>
         <alignment>0x1</alignment>
         <input_file_ref idref="fl-3d"/>
      </object_component>
      <object_component id="oc-3a">
         <name>.debug_loc</name>
         <load_address>0x63ab</load_address>
         <run_address>0x63ab</run_address>
         <size>0xd8</size>
         <alignment>0x1</alignment>
         <input_file_ref idref="fl-3e"/>
      </object_component>
      <object_component id="oc-146">
         <name>.debug_loc</name>
         <load_address>0x6483</load_address>
         <run_address>0x6483</run_address>
         <size>0x10c</size>
         <alignment>0x1</alignment>
         <input_file_ref idref="fl-41"/>
      </object_component>
      <object_component id="oc-1c9">
         <name>.debug_loc</name>
         <load_address>0x658f</load_address>
         <run_address>0x658f</run_address>
         <size>0x460</size>
         <alignment>0x1</alignment>
         <input_file_ref idref="fl-42"/>
      </object_component>
      <object_component id="oc-191">
         <name>.debug_loc</name>
         <load_address>0x69ef</load_address>
         <run_address>0x69ef</run_address>
         <size>0x10f</size>
         <alignment>0x1</alignment>
         <input_file_ref idref="fl-43"/>
      </object_component>
      <object_component id="oc-a7">
         <name>.debug_loc</name>
         <load_address>0x6afe</load_address>
         <run_address>0x6afe</run_address>
         <size>0x424</size>
         <alignment>0x1</alignment>
         <input_file_ref idref="fl-46"/>
      </object_component>
      <object_component id="oc-1e3">
         <name>.debug_loc</name>
         <load_address>0x6f22</load_address>
         <run_address>0x6f22</run_address>
         <size>0xf2</size>
         <alignment>0x1</alignment>
         <input_file_ref idref="fl-49"/>
      </object_component>
      <object_component id="oc-1a0">
         <name>.debug_loc</name>
         <load_address>0x7014</load_address>
         <run_address>0x7014</run_address>
         <size>0x44</size>
         <alignment>0x1</alignment>
         <input_file_ref idref="fl-ea"/>
      </object_component>
      <object_component id="oc-241">
         <name>.debug_loc</name>
         <load_address>0x7058</load_address>
         <run_address>0x7058</run_address>
         <size>0x20</size>
         <alignment>0x1</alignment>
         <input_file_ref idref="fl-ec"/>
      </object_component>
      <object_component id="oc-20b">
         <name>.debug_loc</name>
         <load_address>0x7078</load_address>
         <run_address>0x7078</run_address>
         <size>0x44</size>
         <alignment>0x1</alignment>
         <input_file_ref idref="fl-ee"/>
      </object_component>
      <object_component id="oc-23a">
         <name>.debug_loc</name>
         <load_address>0x70bc</load_address>
         <run_address>0x70bc</run_address>
         <size>0x3e</size>
         <alignment>0x1</alignment>
         <input_file_ref idref="fl-ef"/>
      </object_component>
      <object_component id="oc-24d">
         <name>.debug_loc</name>
         <load_address>0x70fa</load_address>
         <run_address>0x70fa</run_address>
         <size>0x5d</size>
         <alignment>0x1</alignment>
         <input_file_ref idref="fl-f0"/>
      </object_component>
      <object_component id="oc-227">
[...]
      </symbol>
      <symbol id="sm-88">
         <name>__TI_ATRegion2_region_sz</name>
         <value>0x0</value>
      </symbol>
      <symbol id="sm-91">
         <name>DL_Common_delayCycles</name>
         <value>0x2ce5</value>
         <object_component_ref idref="oc-e6"/>
      </symbol>
      <symbol id="sm-a1">
         <name>DL_Timer_setClockConfig</name>
         <value>0x2bdd</value>
         <object_component_ref idref="oc-80"/>
      </symbol>
      <symbol id="sm-a2">
         <name>DL_Timer_initTimerMode</name>
         <value>0x16d9</value>
         <object_component_ref idref="oc-86"/>
      </symbol>
      <symbol id="sm-b3">
         <name>printf</name>
         <value>0x23dd</value>
         <object_component_ref idref="oc-87"/>
      </symbol>
      <symbol id="sm-fc">
         <name>__TI_printfi</name>
         <value>0xc1</value>
         <object_component_ref idref="oc-f1"/>
      </symbol>
      <symbol id="sm-107">
         <name>fputc</name>
         <value>0x1be9</value>
         <object_component_ref idref="oc-101"/>
      </symbol>
      <symbol id="sm-112">
         <name>fputs</name>
         <value>0x15e1</value>
         <object_component_ref idref="oc-fb"/>
      </symbol>
      <symbol id="sm-11c">
         <name>__TI_wrt_ok</name>
         <value>0x2193</value>
         <object_component_ref idref="oc-13b"/>
      </symbol>
      <symbol id="sm-126">
         <name>setvbuf</name>
         <value>0x198d</value>
         <object_component_ref idref="oc-196"/>
      </symbol>
      <symbol id="sm-130">
         <name>frexp</name>
         <value>0x2381</value>
         <object_component_ref idref="oc-169"/>
      </symbol>
      <symbol id="sm-131">
         <name>frexpl</name>
         <value>0x2381</value>
         <object_component_ref idref="oc-169"/>
      </symbol>
      <symbol id="sm-13b">
         <name>scalbn</name>
         <value>0x1a6d</value>
         <object_component_ref idref="oc-16d"/>
      </symbol>
      <symbol id="sm-13c">
         <name>ldexp</name>
         <value>0x1a6d</value>
         <object_component_ref idref="oc-16d"/>
      </symbol>
      <symbol id="sm-13d">
         <name>scalbnl</name>
         <value>0x1a6d</value>
         <object_component_ref idref="oc-16d"/>
      </symbol>
      <symbol id="sm-13e">
         <name>ldexpl</name>
         <value>0x1a6d</value>
         <object_component_ref idref="oc-16d"/>
      </symbol>
      <symbol id="sm-147">
         <name>wcslen</name>
         <value>0x2c77</value>
         <object_component_ref idref="oc-121"/>
      </symbol>
      <symbol id="sm-152">
         <name>__aeabi_errno_addr</name>
         <value>0x2d15</value>
         <object_component_ref idref="oc-125"/>
      </symbol>
      <symbol id="sm-153">
         <name>__aeabi_errno</name>
         <value>0x202009c4</value>
         <object_component_ref idref="oc-15f"/>
      </symbol>
      <symbol id="sm-161">
         <name>abort</name>
         <value>0x2d45</value>
         <object_component_ref idref="oc-9f"/>
      </symbol>
      <symbol id="sm-162">
         <name>__TI_cleanup_ptr</name>
         <value>0x202009b8</value>
         <object_component_ref idref="oc-de"/>
      </symbol>
      <symbol id="sm-163">
         <name>__TI_dtors_ptr</name>
         <value>0x202009bc</value>
         <object_component_ref idref="oc-de"/>
      </symbol>
      <symbol id="sm-164">
         <name>exit</name>
         <value>0x2995</value>
         <object_component_ref idref="oc-a4"/>
      </symbol>
      <symbol id="sm-16d">
         <name>_nop</name>
         <value>0x2693</value>
         <object_component_ref idref="oc-f2"/>
      </symbol>
      <symbol id="sm-16e">
         <name>_lock</name>
         <value>0x202009c8</value>
         <object_component_ref idref="oc-c8"/>
      </symbol>
      <symbol id="sm-16f">
         <name>_unlock</name>
         <value>0x202009cc</value>
         <object_component_ref idref="oc-ce"/>
      </symbol>
      <symbol id="sm-178">
         <name>__TI_ltoa</name>
         <value>0x24e9</value>
         <object_component_ref idref="oc-175"/>
      </symbol>
      <symbol id="sm-183">
         <name>atoi</name>
         <value>0x2841</value>
         <object_component_ref idref="oc-11d"/>
      </symbol>
      <symbol id="sm-188">
         <name>_ftable</name>
         <value>0x20200800</value>
         <object_component_ref idref="oc-ca"/>
      </symbol>
      <symbol id="sm-189">
         <name>__TI_ft_end</name>
         <value>0x202009c0</value>
         <object_component_ref idref="oc-1e8"/>
      </symbol>
      <symbol id="sm-18a">
         <name>__TI_tmpnams</name>
         <value>0x20200af4</value>
         <object_component_ref idref="oc-217"/>
      </symbol>
      <symbol id="sm-193">
         <name>memccpy</name>
         <value>0x2b99</value>
         <object_component_ref idref="oc-112"/>
      </symbol>
      <symbol id="sm-1b6">
         <name>malloc</name>
         <value>0x2cd9</value>
         <object_component_ref idref="oc-1c7"/>
      </symbol>
      <symbol id="sm-1b7">
         <name>aligned_alloc</name>
         <value>0x13c1</value>
         <object_component_ref idref="oc-1e1"/>
      </symbol>
      <symbol id="sm-1b8">
         <name>free</name>
         <value>0x17c1</value>
         <object_component_ref idref="oc-1c1"/>
      </symbol>
      <symbol id="sm-1b9">
         <name>_sys_memory</name>
         <value>0x20200000</value>
         <object_component_ref idref="oc-1de"/>
      </symbol>
      <symbol id="sm-1ba">
         <name>memalign</name>
         <value>0x13c1</value>
         <object_component_ref idref="oc-1e1"/>
      </symbol>
      <symbol id="sm-1c4">
         <name>__TI_zero_init_nomemset</name>
         <value>0x2c15</value>
         <object_component_ref idref="oc-46"/>
      </symbol>
      <symbol id="sm-1cd">
         <name>__TI_decompress_none</name>
         <value>0x2c55</value>
         <object_component_ref idref="oc-20"/>
      </symbol>
      <symbol id="sm-1d8">
         <name>__TI_decompress_lzss</name>
         <value>0x1e25</value>
         <object_component_ref idref="oc-1c"/>
      </symbol>
      <symbol id="sm-1e3">
         <name>_c_int00_noargs</name>
         <value>0x2b29</value>
         <object_component_ref idref="oc-4f"/>
      </symbol>
      <symbol id="sm-1e4">
         <name>__stack</name>
         <value>0x20207e00</value>
         <object_component_ref idref="oc-1a"/>
      </symbol>
      <symbol id="sm-1f0">
         <name>__TI_doflush</name>
         <value>0x25ef</value>
         <object_component_ref idref="oc-145"/>
      </symbol>
      <symbol id="sm-1fb">
         <name>__TI_cleanup</name>
         <value>0x28f9</value>
         <object_component_ref idref="oc-1c8"/>
      </symbol>
      <symbol id="sm-208">
         <name>fseek</name>
         <value>0x2d35</value>
         <object_component_ref idref="oc-190"/>
      </symbol>
      <symbol id="sm-209">
         <name>fseeko</name>
         <value>0x1fed</value>
         <object_component_ref idref="oc-1be"/>
      </symbol>
      <symbol id="sm-20a">
         <name>__aeabi_ctype_table_</name>
         <value>0x2d60</value>
         <object_component_ref idref="oc-158"/>
      </symbol>
      <symbol id="sm-20b">
         <name>__aeabi_ctype_table_C</name>
         <value>0x2d60</value>
         <object_component_ref idref="oc-158"/>
      </symbol>
      <symbol id="sm-217">
         <name>__TI_auto_init_nobinit_nopinit</name>
         <value>0x2881</value>
         <object_component_ref idref="oc-a6"/>
      </symbol>
      <symbol id="sm-21f">
         <name>_system_pre_init</name>
         <value>0x2d53</value>
         <object_component_ref idref="oc-5f"/>
      </symbol>
      <symbol id="sm-22b">
         <name>__TI_closefile</name>
         <value>0x1da9</value>
         <object_component_ref idref="oc-1e2"/>
      </symbol>
      <symbol id="sm-233">
         <name>HOSTexit</name>
         <value>0x2d4b</value>
         <object_component_ref idref="oc-d8"/>
      </symbol>
      <symbol id="sm-234">
         <name>C$$EXIT</name>
         <value>0x2d4a</value>
         <object_component_ref idref="oc-d8"/>
      </symbol>
      <symbol id="sm-23e">
         <name>write</name>
         <value>0x2b01</value>
         <object_component_ref idref="oc-141"/>
      </symbol>
      <symbol id="sm-243">
         <name>_device</name>
         <value>0x202008f0</value>
         <object_component_ref idref="oc-1d1"/>
      </symbol>
      <symbol id="sm-244">
         <name>_stream</name>
         <value>0x20200968</value>
         <object_component_ref idref="oc-19c"/>
      </symbol>
      <symbol id="sm-24d">
         <name>remove</name>
         <value>0x2d3d</value>
         <object_component_ref idref="oc-213"/>
      </symbol>
      <symbol id="sm-258">
         <name>lseek</name>
         <value>0x2ad9</value>
         <object_component_ref idref="oc-1d7"/>
      </symbol>
      <symbol id="sm-262">
         <name>close</name>
         <value>0x2695</value>
         <object_component_ref idref="oc-20f"/>
      </symbol>
      <symbol id="sm-26c">
         <name>unlink</name>
         <value>0x2a85</value>
         <object_component_ref idref="oc-23b"/>
      </symbol>
      <symbol id="sm-276">
         <name>HOSTclose</name>
         <value>0x2731</value>
         <object_component_ref idref="oc-1ef"/>
      </symbol>
      <symbol id="sm-280">
         <name>HOSTlseek</name>
         <value>0x1f15</value>
         <object_component_ref idref="oc-1fb"/>
      </symbol>
      <symbol id="sm-28a">
         <name>HOSTopen</name>
         <value>0x2321</value>
         <object_component_ref idref="oc-1eb"/>
      </symbol>
      <symbol id="sm-28b">
         <name>parmbuf</name>
         <value>0x20200b94</value>
         <object_component_ref idref="oc-221"/>
      </symbol>
      <symbol id="sm-295">
         <name>HOSTread</name>
         <value>0x2439</value>
         <object_component_ref idref="oc-1f3"/>
      </symbol>
      <symbol id="sm-2a6">
         <name>HOSTrename</name>
         <value>0x1f81</value>
         <object_component_ref idref="oc-203"/>
      </symbol>
      <symbol id="sm-2b0">
         <name>HOSTunlink</name>
         <value>0x2779</value>
         <object_component_ref idref="oc-1ff"/>
      </symbol>
      <symbol id="sm-2ba">
         <name>HOSTwrite</name>
         <value>0x2491</value>
         <object_component_ref idref="oc-1f7"/>
      </symbol>
      <symbol id="sm-2c8">
         <name>C$$IO$$</name>
         <value>0x298d</value>
         <object_component_ref idref="oc-21a"/>
      </symbol>
      <symbol id="sm-2c9">
         <name>__TI_writemsg</name>
         <value>0x2961</value>
         <object_component_ref idref="oc-21a"/>
      </symbol>
      <symbol id="sm-2ca">
         <name>__CIOBUF_</name>
         <value>0x202009d4</value>
         <object_component_ref idref="oc-242"/>
      </symbol>
      <symbol id="sm-2cb">
         <name>__TI_readmsg</name>
         <value>0x292d</value>
         <object_component_ref idref="oc-220"/>
      </symbol>
      <symbol id="sm-2cc">
         <name>_CIOBUF_</name>
         <value>0x202009d4</value>
         <object_component_ref idref="oc-242"/>
      </symbol>
      <symbol id="sm-2d2">
         <name>__aeabi_dadd</name>
         <value>0xe97</value>
         <object_component_ref idref="oc-18a"/>
      </symbol>
      <symbol id="sm-2d3">
         <name>__adddf3</name>
         <value>0xe97</value>
         <object_component_ref idref="oc-18a"/>
      </symbol>
      <symbol id="sm-2d4">
         <name>__aeabi_dsub</name>
         <value>0xe8d</value>
         <object_component_ref idref="oc-18a"/>
      </symbol>
      <symbol id="sm-2d5">
         <name>__subdf3</name>
         <value>0xe8d</value>
         <object_component_ref idref="oc-18a"/>
      </symbol>
      <symbol id="sm-2de">
         <name>__aeabi_dmul</name>
         <value>0x18a9</value>
         <object_component_ref idref="oc-91"/>
      </symbol>
      <symbol id="sm-2df">
         <name>__muldf3</name>
         <value>0x18a9</value>
         <object_component_ref idref="oc-91"/>
      </symbol>
      <symbol id="sm-2e5">
         <name>__muldsi3</name>
         <value>0x28bd</value>
         <object_component_ref idref="oc-d2"/>
      </symbol>
      <symbol id="sm-2eb">
         <name>__aeabi_ddiv</name>
         <value>0x14d5</value>
         <object_component_ref idref="oc-95"/>
      </symbol>
      <symbol id="sm-2ec">
         <name>__divdf3</name>
         <value>0x14d5</value>
         <object_component_ref idref="oc-95"/>
      </symbol>
      <symbol id="sm-2f2">
         <name>__aeabi_d2iz</name>
         <value>0x26e5</value>
         <object_component_ref idref="oc-171"/>
      </symbol>
      <symbol id="sm-2f3">
         <name>__fixdfsi</name>
         <value>0x26e5</value>
         <object_component_ref idref="oc-171"/>
      </symbol>
      <symbol id="sm-2f9">
         <name>__aeabi_i2d</name>
         <value>0x2a59</value>
         <object_component_ref idref="oc-179"/>
      </symbol>
      <symbol id="sm-2fa">
         <name>__floatsidf</name>
         <value>0x2a59</value>
         <object_component_ref idref="oc-179"/>
      </symbol>
      <symbol id="sm-300">
         <name>__aeabi_ui2d</name>
         <value>0x2b51</value>
         <object_component_ref idref="oc-8d"/>
      </symbol>
      <symbol id="sm-301">
         <name>__floatunsidf</name>
         <value>0x2b51</value>
         <object_component_ref idref="oc-8d"/>
      </symbol>
      <symbol id="sm-307">
         <name>__aeabi_lmul</name>
         <value>0x2b75</value>
         <object_component_ref idref="oc-12a"/>
      </symbol>
      <symbol id="sm-308">
         <name>__muldi3</name>
         <value>0x2b75</value>
         <object_component_ref idref="oc-12a"/>
      </symbol>
      <symbol id="sm-30e">
         <name>__aeabi_dcmpeq</name>
         <value>0x225d</value>
         <object_component_ref idref="oc-134"/>
      </symbol>
      <symbol id="sm-30f">
         <name>__aeabi_dcmplt</name>
         <value>0x2271</value>
         <object_component_ref idref="oc-134"/>
      </symbol>
      <symbol id="sm-310">
         <name>__aeabi_dcmple</name>
         <value>0x2285</value>
         <object_component_ref idref="oc-134"/>
      </symbol>
      <symbol id="sm-311">
         <name>__aeabi_dcmpge</name>
         <value>0x2299</value>
         <object_component_ref idref="oc-134"/>
      </symbol>
      <symbol id="sm-312">
         <name>__aeabi_dcmpgt</name>
         <value>0x22ad</value>
         <object_component_ref idref="oc-134"/>
      </symbol>
      <symbol id="sm-318">
         <name>__aeabi_idiv</name>
         <value>0x2599</value>
         <object_component_ref idref="oc-1b3"/>
      </symbol>
      <symbol id="sm-319">
         <name>__aeabi_idivmod</name>
         <value>0x2599</value>
         <object_component_ref idref="oc-1b3"/>
      </symbol>
      <symbol id="sm-31f">
         <name>__aeabi_memcpy</name>
         <value>0x2d1d</value>
         <object_component_ref idref="oc-3f"/>
      </symbol>
      <symbol id="sm-320">
         <name>__aeabi_memcpy4</name>
         <value>0x2d1d</value>
         <object_component_ref idref="oc-3f"/>
      </symbol>
      <symbol id="sm-321">
         <name>__aeabi_memcpy8</name>
         <value>0x2d1d</value>
         <object_component_ref idref="oc-3f"/>
      </symbol>
      <symbol id="sm-32a">
         <name>__aeabi_memset</name>
         <value>0x2c95</value>
         <object_component_ref idref="oc-111"/>
      </symbol>
      <symbol id="sm-32b">
         <name>__aeabi_memset4</name>
         <value>0x2c95</value>
         <object_component_ref idref="oc-111"/>
      </symbol>
      <symbol id="sm-32c">
         <name>__aeabi_memset8</name>
         <value>0x2c95</value>
         <object_component_ref idref="oc-111"/>
      </symbol>
      <symbol id="sm-32d">
         <name>__aeabi_memclr</name>
         <value>0x2ccd</value>
         <object_component_ref idref="oc-5a"/>
      </symbol>
      <symbol id="sm-32e">
         <name>__aeabi_memclr4</name>
         <value>0x2ccd</value>
         <object_component_ref idref="oc-5a"/>
      </symbol>
      <symbol id="sm-32f">
         <name>__aeabi_memclr8</name>
         <value>0x2ccd</value>
         <object_component_ref idref="oc-5a"/>
      </symbol>
      <symbol id="sm-335">
         <name>__aeabi_uidiv</name>
         <value>0x2801</value>
         <object_component_ref idref="oc-117"/>
      </symbol>
      <symbol id="sm-336">
         <name>__aeabi_uidivmod</name>
         <value>0x2801</value>
         <object_component_ref idref="oc-117"/>
      </symbol>
      <symbol id="sm-33c">
         <name>__aeabi_uldivmod</name>
         <value>0x2c2d</value>
         <object_component_ref idref="oc-12f"/>
      </symbol>
      <symbol id="sm-342">
         <name>__udivmoddi4</name>
         <value>0x1b45</value>
         <object_component_ref idref="oc-164"/>
      </symbol>
      <symbol id="sm-348">
         <name>__aeabi_llsl</name>
         <value>0x2bbd</value>
         <object_component_ref idref="oc-1a7"/>
      </symbol>
      <symbol id="sm-349">
         <name>__ashldi3</name>
         <value>0x2bbd</value>
         <object_component_ref idref="oc-1a7"/>
      </symbol>
      <symbol id="sm-357">
         <name>__ledf2</name>
         <value>0x20c5</value>
         <object_component_ref idref="oc-182"/>
      </symbol>
      <symbol id="sm-358">
         <name>__gedf2</name>
         <value>0x1ea1</value>
         <object_component_ref idref="oc-188"/>
      </symbol>
      <symbol id="sm-359">
         <name>__cmpdf2</name>
         <value>0x20c5</value>
         <object_component_ref idref="oc-182"/>
      </symbol>
      <symbol id="sm-35a">
         <name>__eqdf2</name>
         <value>0x20c5</value>
         <object_component_ref idref="oc-182"/>
      </symbol>
      <symbol id="sm-35b">
         <name>__ltdf2</name>
         <value>0x20c5</value>
         <object_component_ref idref="oc-182"/>
      </symbol>
      <symbol id="sm-35c">
         <name>__nedf2</name>
         <value>0x20c5</value>
         <object_component_ref idref="oc-182"/>
      </symbol>
      <symbol id="sm-35d">
         <name>__gtdf2</name>
         <value>0x1ea1</value>
         <object_component_ref idref="oc-188"/>
      </symbol>
      <symbol id="sm-369">
         <name>__aeabi_idiv0</name>
         <value>0x1d1f</value>
         <object_component_ref idref="oc-152"/>
      </symbol>
      <symbol id="sm-36a">
         <name>__aeabi_ldiv0</name>
         <value>0x21f7</value>
         <object_component_ref idref="oc-1a6"/>
      </symbol>
      <symbol id="sm-378">
         <name>finddevice</name>
         <value>0x29c9</value>
         <object_component_ref idref="oc-24e"/>
      </symbol>
      <symbol id="sm-379">
         <name>getdevice</name>
         <value>0x2059</value>
         <object_component_ref idref="oc-245"/>
      </symbol>
      <symbol id="sm-392">
         <name>memcpy</name>
         <value>0x1c85</value>
         <object_component_ref idref="oc-76"/>
      </symbol>
      <symbol id="sm-3a1">
         <name>memset</name>
         <value>0x22bf</value>
         <object_component_ref idref="oc-be"/>
      </symbol>
      <symbol id="sm-3a9">
         <name>strcmp</name>
         <value>0x1d21</value>
         <object_component_ref idref="oc-251"/>
      </symbol>
      <symbol id="sm-3aa">
         <name>__TI_static_base__</name>
         <value>0x0</value>
      </symbol>
      <symbol id="sm-3ae">
         <name>__mpu_init</name>
         <value>0x0</value>
      </symbol>
      <symbol id="sm-3af">
         <name>_system_post_cinit</name>
         <value>0x0</value>
      </symbol>
   </symbol_table>
   <title>Link successful</title>
</link_info>
