******************************************************************************
            TI ARM Clang Linker Unix v4.0.3                    
******************************************************************************
>> Linked Sun Oct  5 19:29:30 2025

OUTPUT FILE NAME:   <lab3-exercise1.out>
ENTRY POINT SYMBOL: "_c_int00_noargs"  address: 00002b19


MEMORY CONFIGURATION

         name            origin    length      used     unused   attr    fill
----------------------  --------  ---------  --------  --------  ----  --------
  FLASH                 00000000   00020000  00002f18  0001d0e8  R  X
  SRAM                  20200000   00008000  00000d9d  00007263  RW X
  BCR_CONFIG            41c00000   000000ff  00000000  000000ff  R   
  BSL_CONFIG            41c00100   00000080  00000000  00000080  R   


SEGMENT ALLOCATION MAP

run origin  load origin   length   init length attrs members
----------  ----------- ---------- ----------- ----- -------
00000000    00000000    00002f18   00002f18    r-x
  00000000    00000000    000000c0   000000c0    r-- .intvecs
  000000c0    000000c0    00002c90   00002c90    r-x .text
  00002d50    00002d50    00000140   00000140    r-- .rodata
  00002e90    00002e90    00000088   00000088    r-- .cinit
20200000    20200000    00000ba0   00000000    rw-
  20200000    20200000    00000800   00000000    rw- .sysmem
  20200800    20200800    000001d1   00000000    rw- .data
  202009d4    202009d4    000001cc   00000000    rw- .bss
20207e00    20207e00    00000200   00000000    rw-
  20207e00    20207e00    00000200   00000000    rw- .stack


SECTION ALLOCATION MAP

 output                                  attributes/
section   page    origin      length       input sections
--------  ----  ----------  ----------   ----------------
.intvecs   0    00000000    000000c0     
                  00000000    000000c0     startup_mspm0g350x_ticlang.o (.intvecs)

.text      0    000000c0    00002c90     
                  000000c0    000009d0     libc.a : _printfi.c.obj (.text:__TI_printfi)
                  00000a90    00000220            : _printfi.c.obj (.text._pconv_a)
                  00000cb0    000001dc            : _printfi.c.obj (.text._pconv_g)
                  00000e8c    00000192     libclang_rt.builtins.a : adddf3.S.obj (.text.adddf3_subdf3)
                  0000101e    00000002     startup_mspm0g350x_ticlang.o (.text.Default_Handler)
                  00001020    0000013c     libc.a : _printfi.c.obj (.text.fcvt)
                  0000115c    00000134     l3_ex1.o (.text.main)
                  00001290    00000120     libc.a : _printfi.c.obj (.text._pconv_e)
                  000013b0    00000114            : memory.c.obj (.text.aligned_alloc)
                  000014c4    0000010c     libclang_rt.builtins.a : divdf3.S.obj (.text.__divdf3)
                  000015d0    000000f8     libc.a : fputs.c.obj (.text.fputs)
                  000016c8    000000e8     driverlib.a : dl_timer.o (.text.DL_Timer_initTimerMode)
                  000017b0    000000e8     libc.a : memory.c.obj (.text.free)
                  00001898    000000e4     libclang_rt.builtins.a : muldf3.S.obj (.text.__muldf3)
                  0000197c    000000e0     libc.a : setvbuf.c.obj (.text.setvbuf)
                  00001a5c    000000d8            : s_scalbn.c.obj (.text.scalbn)
                  00001b34    000000a2     libclang_rt.builtins.a : udivmoddi4.S.obj (.text)
                  00001bd6    00000002     ti_msp_dl_config.o (.text.SYSCFG_DL_GPIO_init)
                  00001bd8    0000009c     libc.a : fputc.c.obj (.text.fputc)
                  00001c74    0000009a            : memcpy16.S.obj (.text:memcpy)
                  00001d0e    00000002     libclang_rt.builtins.a : aeabi_div0.c.obj (.text.__aeabi_idiv0)
                  00001d10    00000088     libc.a : strcmp-armv6m.S.obj (.text:strcmp)
                  00001d98    0000007c            : fclose.c.obj (.text.__TI_closefile)
                  00001e14    0000007c            : copy_decompress_lzss.c.obj (.text:decompress:lzss)
                  00001e90    00000074     libclang_rt.builtins.a : comparedf2.c.obj (.text.__gedf2)
                  00001f04    0000006c     libsysbm.a : hostlseek.c.obj (.text.HOSTlseek)
                  00001f70    0000006c                : hostrename.c.obj (.text.HOSTrename)
                  00001fdc    0000006c     libc.a : fseek.c.obj (.text.fseeko)
                  00002048    0000006c            : getdevice.c.obj (.text.getdevice)
                  000020b4    00000068     libclang_rt.builtins.a : comparedf2.c.obj (.text.__ledf2)
                  0000211c    00000066     libc.a : _printfi.c.obj (.text._mcpy)
                  00002182    00000064            : _io_perm.c.obj (.text.__TI_wrt_ok)
                  000021e6    00000002     libclang_rt.builtins.a : aeabi_div0.c.obj (.text.__aeabi_ldiv0)
                  000021e8    00000064     libc.a : memory.c.obj (.text.split)
                  0000224c    00000062     libclang_rt.builtins.a : aeabi_dcmp.S.obj (.text.__aeabi_dcmp)
                  000022ae    00000062     libc.a : memset16.S.obj (.text:memset)
                  00002310    00000060     libsysbm.a : hostopen.c.obj (.text.HOSTopen)
                  00002370    0000005c     libc.a : s_frexp.c.obj (.text.frexp)
                  000023cc    0000005c            : printf.c.obj (.text.printf)
                  00002428    00000058     libsysbm.a : hostread.c.obj (.text.HOSTread)
                  00002480    00000058                : hostwrite.c.obj (.text.HOSTwrite)
                  000024d8    00000058     libc.a : _ltoa.c.obj (.text.__TI_ltoa)
                  00002530    00000058            : _printfi.c.obj (.text._pconv_f)
                  00002588    00000056     libclang_rt.builtins.a : aeabi_idivmod.S.obj (.text.__aeabi_idivmod)
                  000025de    00000052     libc.a : fflush.c.obj (.text.__TI_doflush)
                  00002630    00000052            : _printfi.c.obj (.text._ecpy)
                  00002682    00000002            : _lock.c.obj (.text._nop)
                  00002684    00000050     libsysbm.a : close.c.obj (.text.close)
                  000026d4    0000004a     libclang_rt.builtins.a : fixdfsi.S.obj (.text.__fixdfsi)
                  0000271e    00000002     --HOLE-- [fill = 0]
                  00002720    00000048     libsysbm.a : hostclose.c.obj (.text.HOSTclose)
                  00002768    00000048                : hostunlink.c.obj (.text.HOSTunlink)
                  000027b0    00000040     ti_msp_dl_config.o (.text.SYSCFG_DL_SYSCTL_init)
                  000027f0    00000040     libclang_rt.builtins.a : aeabi_uidivmod.S.obj (.text.__aeabi_uidivmod)
                  00002830    00000040     libc.a : atoi.c.obj (.text.atoi)
                  00002870    0000003c            : autoinit.c.obj (.text:__TI_auto_init_nobinit_nopinit)
                  000028ac    0000003a     libclang_rt.builtins.a : muldsi3.S.obj (.text.__muldsi3)
                  000028e6    00000002     --HOLE-- [fill = 0]
                  000028e8    00000034     libc.a : fopen.c.obj (.text.__TI_cleanup)
                  0000291c    00000034     libsysbm.a : trgmsg.c.obj (.text.__TI_readmsg)
                  00002950    00000034                : trgmsg.c.obj (.text.__TI_writemsg)
                  00002984    00000034     libc.a : exit.c.obj (.text.exit)
                  000029b8    00000034            : getdevice.c.obj (.text.finddevice)
                  000029ec    00000030            : _printfi.c.obj (.text._fcpy)
                  00002a1c    0000002c     ti_msp_dl_config.o (.text.SYSCFG_DL_initPower)
                  00002a48    0000002c     libclang_rt.builtins.a : floatsidf.S.obj (.text.__floatsidf)
                  00002a74    0000002c     libsysbm.a : unlink.c.obj (.text.unlink)
                  00002aa0    00000028     libc.a : memory.c.obj (.text.free_list_insert)
                  00002ac8    00000028     libsysbm.a : lseek.c.obj (.text.lseek)
                  00002af0    00000028                : write.c.obj (.text.write)
                  00002b18    00000028     libc.a : boot_cortex_m.c.obj (.text:_c_int00_noargs)
                  00002b40    00000024     libclang_rt.builtins.a : floatunsidf.S.obj (.text.__floatunsidf)
                  00002b64    00000024                            : muldi3.S.obj (.text.__muldi3)
                  00002b88    00000022     libc.a : memccpy.c.obj (.text.memccpy)
                  00002baa    00000002     --HOLE-- [fill = 0]
                  00002bac    0000001e     libclang_rt.builtins.a : ashldi3.S.obj (.text.__ashldi3)
                  00002bca    00000002     --HOLE-- [fill = 0]
                  00002bcc    0000001c     driverlib.a : dl_timer.o (.text.DL_Timer_setClockConfig)
                  00002be8    0000001c     libc.a : memory.c.obj (.text.free_list_remove)
                  00002c04    00000016            : copy_zero_init.c.obj (.text:decompress:ZI:__TI_zero_init_nomemset)
                  00002c1a    00000002     --HOLE-- [fill = 0]
                  00002c1c    00000014     libclang_rt.builtins.a : aeabi_uldivmod.S.obj (.text.__aeabi_uldivmod)
                  00002c30    00000014     libc.a : _printfi.c.obj (.text.strchr)
                  00002c44    00000012            : copy_decompress_none.c.obj (.text:decompress:none)
                  00002c56    00000010     ti_msp_dl_config.o (.text.SYSCFG_DL_init)
                  00002c66    00000010     libc.a : wcslen.c.obj (.text.wcslen)
                  00002c76    0000000e            : memory.c.obj (.text.OUTLINED_FUNCTION_0)
                  00002c84    0000000e     libclang_rt.builtins.a : aeabi_memset.S.obj (.text.__aeabi_memset)
                  00002c92    0000000e     libsysbm.a : hostrename.c.obj (.text.strcpy)
                  00002ca0    0000000e     libc.a : _printfi.c.obj (.text.strlen)
                  00002cae    0000000e     libsysbm.a : hostrename.c.obj (.text.strlen)
                  00002cbc    0000000c     libclang_rt.builtins.a : aeabi_memset.S.obj (.text.__aeabi_memclr)
                  00002cc8    0000000c     libc.a : memory.c.obj (.text.malloc)
                  00002cd4    0000000a     driverlib.a : dl_common.o (.text.DL_Common_delayCycles)
                  00002cde    0000000a     libc.a : _printfi.c.obj (.text.OUTLINED_FUNCTION_0)
                  00002ce8    00000010     libclang_rt.builtins.a : adddf3.S.obj (.tramp.__aeabi_dsub.1)
                  00002cf8    0000000a     libc.a : _printfi.c.obj (.text.OUTLINED_FUNCTION_1)
                  00002d02    00000002     --HOLE-- [fill = 0]
                  00002d04    00000008            : aeabi_portable.c.obj (.text.__aeabi_errno_addr)
                  00002d0c    00000008     libclang_rt.builtins.a : aeabi_memcpy.S.obj (.text.__aeabi_memcpy)
                  00002d14    00000008     libc.a : printf.c.obj (.text._outc)
                  00002d1c    00000008            : printf.c.obj (.text._outs)
                  00002d24    00000008            : fseek.c.obj (.text.fseek)
                  00002d2c    00000008     libsysbm.a : remove.c.obj (.text.remove)
                  00002d34    00000006     libc.a : exit.c.obj (.text:abort)
                  00002d3a    00000004     libsysbm.a : hostexit.c.obj (.text.HOSTexit)
                  00002d3e    00000004     startup_mspm0g350x_ticlang.o (.text.Reset_Handler)
                  00002d42    00000004     libc.a : pre_init.c.obj (.text._system_pre_init)
                  00002d46    0000000a     --HOLE-- [fill = 0]

.cinit     0    00002e90    00000088     
                  00002e90    0000005f     (.cinit..data.load) [load image, compression = lzss]
                  00002eef    00000001     --HOLE-- [fill = 0]
                  00002ef0    0000000c     (__TI_handler_table)
                  00002efc    00000008     (.cinit..bss.load) [load image, compression = zero_init]
                  00002f04    00000010     (__TI_cinit_table)
                  00002f14    00000004     --HOLE-- [fill = 0]

.rodata    0    00002d50    00000140     
                  00002d50    00000101     libc.a : aeabi_ctype.S.obj (.rodata:__aeabi_ctype_table_)
                  00002e51    00000018     l3_ex1.o (.rodata.str1.16130980627278971089.1)
                  00002e69    00000011     libc.a : _printfi.c.obj (.rodata.str1.10348868589481759720.1)
                  00002e7a    00000011            : _printfi.c.obj (.rodata.str1.15363888844622738466.1)
                  00002e8b    00000005     --HOLE-- [fill = 0]

.init_array 
*          0    00000000    00000000     UNINITIALIZED

.binit     0    00000000    00000000     

.sysmem    0    20200000    00000800     UNINITIALIZED
                  20200000    00000010     libc.a : memory.c.obj (.sysmem)
                  20200010    000007f0     --HOLE--

.data      0    20200800    000001d1     UNINITIALIZED
                  20200800    000000f0     libc.a : defs.c.obj (.data._ftable)
                  202008f0    00000078     libsysbm.a : host_device.c.obj (.data._device)
                  20200968    00000050                : host_device.c.obj (.data._stream)
                  202009b8    00000008     libc.a : exit.c.obj (.data..L_MergedGlobals)
                  202009c0    00000004            : defs.c.obj (.data.__TI_ft_end)
                  202009c4    00000004            : aeabi_portable.c.obj (.data.__aeabi_errno)
                  202009c8    00000004            : _lock.c.obj (.data._lock)
                  202009cc    00000004            : _lock.c.obj (.data._unlock)
                  202009d0    00000001            : memory.c.obj (.data.memory_is_initialized)

.bss       0    202009d4    000001cc     UNINITIALIZED
                  202009d4    00000120     libsysbm.a : trgmsg.c.obj (.bss:_CIOBUF_)
                  20200af4    000000a0     libc.a : defs.c.obj (.bss.__TI_tmpnams)
                  20200b94    00000008     libsysbm.a : hostopen.c.obj (.bss.parmbuf)
                  20200b9c    00000004     libc.a : memory.c.obj (.bss.sys_free)

.stack     0    20207e00    00000200     UNINITIALIZED
                  20207e00    00000004     libc.a : boot_cortex_m.c.obj (.stack)
                  20207e04    000001fc     --HOLE--

__llvm_prf_cnts 
*          0    20200000    00000000     UNINITIALIZED

__llvm_prf_bits 
*          0    20200000    00000000     UNINITIALIZED

MODULE SUMMARY

       Module                         code    ro data   rw data
       ------                         ----    -------   -------
    ./
       l3_ex1.o                       308     24        0      
       startup_mspm0g350x_ticlang.o   6       192       0      
       ti_msp_dl_config.o             126     0         0      
    +--+------------------------------+-------+---------+---------+
       Total:                         440     216       0      
                                                               
    /home/mihir/CMPE146/CCS_20.2.0.00012_linux/ccs2020/ccs/tools/compiler/ti-cgt-armllvm_4.0.3.LTS/lib/armv6m-ti-none-eabi/c/libc.a
       _printfi.c.obj                 4510    34        0      
       memory.c.obj                   702     0         5      
       defs.c.obj                     0       0         404    
       aeabi_ctype.S.obj              0       257       0      
       fputs.c.obj                    248     0         0      
       setvbuf.c.obj                  224     0         0      
       s_scalbn.c.obj                 216     0         0      
       getdevice.c.obj                160     0         0      
       fputc.c.obj                    156     0         0      
       memcpy16.S.obj                 154     0         0      
       strcmp-armv6m.S.obj            136     0         0      
       copy_decompress_lzss.c.obj     124     0         0      
       fclose.c.obj                   124     0         0      
       fseek.c.obj                    116     0         0      
       printf.c.obj                   108     0         0      
       _io_perm.c.obj                 100     0         0      
       memset16.S.obj                 98      0         0      
       s_frexp.c.obj                  92      0         0      
       _ltoa.c.obj                    88      0         0      
       fflush.c.obj                   82      0         0      
       exit.c.obj                     58      0         8      
       atoi.c.obj                     64      0         0      
       autoinit.c.obj                 60      0         0      
       fopen.c.obj                    52      0         0      
       boot_cortex_m.c.obj            40      0         0      
       memccpy.c.obj                  34      0         0      
       copy_zero_init.c.obj           22      0         0      
       copy_decompress_none.c.obj     18      0         0      
       wcslen.c.obj                   16      0         0      
       aeabi_portable.c.obj           8       0         4      
       _lock.c.obj                    2       0         8      
       pre_init.c.obj                 4       0         0      
    +--+------------------------------+-------+---------+---------+
       Total:                         7816    291       429    
                                                               
    /home/mihir/CMPE146/CCS_20.2.0.00012_linux/ccs2020/ccs/tools/compiler/ti-cgt-armllvm_4.0.3.LTS/lib/armv6m-ti-none-eabi/c/libsysbm.a
       trgmsg.c.obj                   104     0         288    
       host_device.c.obj              0       0         200    
       hostrename.c.obj               136     0         0      
       hostlseek.c.obj                108     0         0      
       hostopen.c.obj                 96      0         8      
       hostread.c.obj                 88      0         0      
       hostwrite.c.obj                88      0         0      
       close.c.obj                    80      0         0      
       hostclose.c.obj                72      0         0      
       hostunlink.c.obj               72      0         0      
       unlink.c.obj                   44      0         0      
       lseek.c.obj                    40      0         0      
       write.c.obj                    40      0         0      
       remove.c.obj                   8       0         0      
       hostexit.c.obj                 4       0         0      
    +--+------------------------------+-------+---------+---------+
       Total:                         980     0         496    
                                                               
    /home/mihir/CMPE146/CCS_20.2.0.00012_linux/ccs2020/ccs/tools/compiler/ti-cgt-armllvm_4.0.3.LTS/lib/armv6m-ti-none-eabi/libclang_rt.builtins.a
       adddf3.S.obj                   418     0         0      
       divdf3.S.obj                   268     0         0      
       muldf3.S.obj                   228     0         0      
       comparedf2.c.obj               220     0         0      
       udivmoddi4.S.obj               162     0         0      
       aeabi_dcmp.S.obj               98      0         0      
       aeabi_idivmod.S.obj            86      0         0      
       fixdfsi.S.obj                  74      0         0      
       aeabi_uidivmod.S.obj           64      0         0      
       muldsi3.S.obj                  58      0         0      
       floatsidf.S.obj                44      0         0      
       floatunsidf.S.obj              36      0         0      
       muldi3.S.obj                   36      0         0      
       ashldi3.S.obj                  30      0         0      
       aeabi_memset.S.obj             26      0         0      
       aeabi_uldivmod.S.obj           20      0         0      
       aeabi_memcpy.S.obj             8       0         0      
       aeabi_div0.c.obj               4       0         0      
    +--+------------------------------+-------+---------+---------+
       Total:                         1880    0         0      
                                                               
    /home/mihir/ti/mspm0_sdk_2_05_01_00/source/ti/driverlib/lib/ticlang/m0p/mspm0g1x0x_g3x0x/driverlib.a
       dl_timer.o                     260     0         0      
       dl_common.o                    10      0         0      
    +--+------------------------------+-------+---------+---------+
       Total:                         270     0         0      
                                                               
       Heap:                          0       0         2048   
       Stack:                         0       0         512    
       Linker Generated:              0       131       0      
    +--+------------------------------+-------+---------+---------+
       Grand Total:                   11386   638       3485   


LINKER GENERATED COPY TABLES

__TI_cinit_table @ 00002f04 records: 2, size/record: 8, table size: 16
	.data: load addr=00002e90, load size=0000005f bytes, run addr=20200800, run size=000001d1 bytes, compression=lzss
	.bss: load addr=00002efc, load size=00000008 bytes, run addr=202009d4, run size=000001cc bytes, compression=zero_init


LINKER GENERATED HANDLER TABLE

__TI_handler_table @ 00002ef0 records: 3, size/record: 4, table size: 12
	index: 0, handler: __TI_decompress_lzss
	index: 1, handler: __TI_decompress_none
	index: 2, handler: __TI_zero_init


FAR CALL TRAMPOLINES

callee name               trampoline name
   callee addr  tramp addr   call addr  call info
--------------  -----------  ---------  ----------------
__aeabi_dsub              $Tramp$TT$L$PI$$__aeabi_dsub
   00000e8d     00002ce8     00002ce6   libc.a : _printfi.c.obj (.text.OUTLINED_FUNCTION_0)

[1 trampolines]
[1 trampoline calls]


GLOBAL SYMBOLS: SORTED ALPHABETICALLY BY Name 

address   name                          
-------   ----                          
0000101f  ADC0_IRQHandler               
0000101f  ADC1_IRQHandler               
0000101f  AES_IRQHandler                
00002d3a  C$$EXIT                       
0000297d  C$$IO$$                       
0000101f  CANFD0_IRQHandler             
0000101f  DAC0_IRQHandler               
00002cd5  DL_Common_delayCycles         
000016c9  DL_Timer_initTimerMode        
00002bcd  DL_Timer_setClockConfig       
0000101f  DMA_IRQHandler                
0000101f  Default_Handler               
0000101f  GROUP0_IRQHandler             
0000101f  GROUP1_IRQHandler             
00002721  HOSTclose                     
00002d3b  HOSTexit                      
00001f05  HOSTlseek                     
00002311  HOSTopen                      
00002429  HOSTread                      
00001f71  HOSTrename                    
00002769  HOSTunlink                    
00002481  HOSTwrite                     
0000101f  HardFault_Handler             
0000101f  I2C0_IRQHandler               
0000101f  I2C1_IRQHandler               
0000101f  NMI_Handler                   
0000101f  PendSV_Handler                
0000101f  RTC_IRQHandler                
00002d3f  Reset_Handler                 
0000101f  SPI0_IRQHandler               
0000101f  SPI1_IRQHandler               
0000101f  SVC_Handler                   
00001bd7  SYSCFG_DL_GPIO_init           
000027b1  SYSCFG_DL_SYSCTL_init         
00002c57  SYSCFG_DL_init                
00002a1d  SYSCFG_DL_initPower           
0000101f  SysTick_Handler               
0000101f  TIMA0_IRQHandler              
0000101f  TIMA1_IRQHandler              
0000101f  TIMG0_IRQHandler              
0000101f  TIMG12_IRQHandler             
0000101f  TIMG6_IRQHandler              
0000101f  TIMG7_IRQHandler              
0000101f  TIMG8_IRQHandler              
0000101f  UART0_IRQHandler              
0000101f  UART1_IRQHandler              
0000101f  UART2_IRQHandler              
0000101f  UART3_IRQHandler              
202009d4  _CIOBUF_                      
202009d4  __CIOBUF_                     
20208000  __STACK_END                   
00000200  __STACK_SIZE                  
00000800  __SYSMEM_SIZE                 
00000000  __TI_ATRegion0_region_sz      
00000000  __TI_ATRegion0_src_addr       
00000000  __TI_ATRegion0_trg_addr       
00000000  __TI_ATRegion1_region_sz      
00000000  __TI_ATRegion1_src_addr       
00000000  __TI_ATRegion1_trg_addr       
00000000  __TI_ATRegion2_region_sz      
00000000  __TI_ATRegion2_src_addr       
00000000  __TI_ATRegion2_trg_addr       
00002f04  __TI_CINIT_Base               
00002f14  __TI_CINIT_Limit              
00002f14  __TI_CINIT_Warm               
00002ef0  __TI_Handler_Table_Base       
00002efc  __TI_Handler_Table_Limit      
00002871  __TI_auto_init_nobinit_nopinit
000028e9  __TI_cleanup                  
202009b8  __TI_cleanup_ptr              
00001d99  __TI_closefile                
00001e15  __TI_decompress_lzss          
00002c45  __TI_decompress_none          
000025df  __TI_doflush                  
202009bc  __TI_dtors_ptr                
202009c0  __TI_ft_end                   
000024d9  __TI_ltoa                     
ffffffff  __TI_pprof_out_hndl           
000000c1  __TI_printfi                  
ffffffff  __TI_prof_data_size           
ffffffff  __TI_prof_data_start          
0000291d  __TI_readmsg                  
00000000  __TI_static_base__            
20200af4  __TI_tmpnams                  
00002951  __TI_writemsg                 
00002183  __TI_wrt_ok                   
00002c05  __TI_zero_init_nomemset       
00000e97  __adddf3                      
00002d50  __aeabi_ctype_table_          
00002d50  __aeabi_ctype_table_C         
000026d5  __aeabi_d2iz                  
00000e97  __aeabi_dadd                  
0000224d  __aeabi_dcmpeq                
00002289  __aeabi_dcmpge                
0000229d  __aeabi_dcmpgt                
00002275  __aeabi_dcmple                
00002261  __aeabi_dcmplt                
000014c5  __aeabi_ddiv                  
00001899  __aeabi_dmul                  
00000e8d  __aeabi_dsub                  
202009c4  __aeabi_errno                 
00002d05  __aeabi_errno_addr            
00002a49  __aeabi_i2d                   
00002589  __aeabi_idiv                  
00001d0f  __aeabi_idiv0                 
00002589  __aeabi_idivmod               
000021e7  __aeabi_ldiv0                 
00002bad  __aeabi_llsl                  
00002b65  __aeabi_lmul                  
00002cbd  __aeabi_memclr                
00002cbd  __aeabi_memclr4               
00002cbd  __aeabi_memclr8               
00002d0d  __aeabi_memcpy                
00002d0d  __aeabi_memcpy4               
00002d0d  __aeabi_memcpy8               
00002c85  __aeabi_memset                
00002c85  __aeabi_memset4               
00002c85  __aeabi_memset8               
00002b41  __aeabi_ui2d                  
000027f1  __aeabi_uidiv                 
000027f1  __aeabi_uidivmod              
00002c1d  __aeabi_uldivmod              
00002bad  __ashldi3                     
ffffffff  __binit__                     
000020b5  __cmpdf2                      
000014c5  __divdf3                      
000020b5  __eqdf2                       
000026d5  __fixdfsi                     
00002a49  __floatsidf                   
00002b41  __floatunsidf                 
00001e91  __gedf2                       
00001e91  __gtdf2                       
000020b5  __ledf2                       
000020b5  __ltdf2                       
UNDEFED   __mpu_init                    
00001899  __muldf3                      
00002b65  __muldi3                      
000028ad  __muldsi3                     
000020b5  __nedf2                       
20207e00  __stack                       
20200000  __start___llvm_prf_bits       
20200000  __start___llvm_prf_cnts       
20200000  __stop___llvm_prf_bits        
20200000  __stop___llvm_prf_cnts        
00000e8d  __subdf3                      
00001b35  __udivmoddi4                  
00002b19  _c_int00_noargs               
202008f0  _device                       
20200800  _ftable                       
202009c8  _lock                         
00002683  _nop                          
20200968  _stream                       
20200000  _sys_memory                   
UNDEFED   _system_post_cinit            
00002d43  _system_pre_init              
202009cc  _unlock                       
00002d35  abort                         
000013b1  aligned_alloc                 
00002831  atoi                          
ffffffff  binit                         
00002685  close                         
00002985  exit                          
000029b9  finddevice                    
00001bd9  fputc                         
000015d1  fputs                         
000017b1  free                          
00002371  frexp                         
00002371  frexpl                        
00002d25  fseek                         
00001fdd  fseeko                        
00002049  getdevice                     
00000000  interruptVectors              
00001a5d  ldexp                         
00001a5d  ldexpl                        
00002ac9  lseek                         
0000115d  main                          
00002cc9  malloc                        
000013b1  memalign                      
00002b89  memccpy                       
00001c75  memcpy                        
000022af  memset                        
20200b94  parmbuf                       
000023cd  printf                        
00002d2d  remove                        
00001a5d  scalbn                        
00001a5d  scalbnl                       
0000197d  setvbuf                       
00001d11  strcmp                        
00002a75  unlink                        
00002c67  wcslen                        
00002af1  write                         


GLOBAL SYMBOLS: SORTED BY Symbol Address 

address   name                          
-------   ----                          
00000000  __TI_ATRegion0_region_sz      
00000000  __TI_ATRegion0_src_addr       
00000000  __TI_ATRegion0_trg_addr       
00000000  __TI_ATRegion1_region_sz      
00000000  __TI_ATRegion1_src_addr       
00000000  __TI_ATRegion1_trg_addr       
00000000  __TI_ATRegion2_region_sz      
00000000  __TI_ATRegion2_src_addr       
00000000  __TI_ATRegion2_trg_addr       
00000000  __TI_static_base__            
00000000  interruptVectors              
000000c1  __TI_printfi                  
00000200  __STACK_SIZE                  
00000800  __SYSMEM_SIZE                 
00000e8d  __aeabi_dsub                  
00000e8d  __subdf3                      
00000e97  __adddf3                      
00000e97  __aeabi_dadd                  
0000101f  ADC0_IRQHandler               
0000101f  ADC1_IRQHandler               
0000101f  AES_IRQHandler                
0000101f  CANFD0_IRQHandler             
0000101f  DAC0_IRQHandler               
0000101f  DMA_IRQHandler                
0000101f  Default_Handler               
0000101f  GROUP0_IRQHandler             
0000101f  GROUP1_IRQHandler             
0000101f  HardFault_Handler             
0000101f  I2C0_IRQHandler               
0000101f  I2C1_IRQHandler               
0000101f  NMI_Handler                   
0000101f  PendSV_Handler                
0000101f  RTC_IRQHandler                
0000101f  SPI0_IRQHandler               
0000101f  SPI1_IRQHandler               
0000101f  SVC_Handler                   
0000101f  SysTick_Handler               
0000101f  TIMA0_IRQHandler              
0000101f  TIMA1_IRQHandler              
0000101f  TIMG0_IRQHandler              
0000101f  TIMG12_IRQHandler             
0000101f  TIMG6_IRQHandler              
0000101f  TIMG7_IRQHandler              
0000101f  TIMG8_IRQHandler              
0000101f  UART0_IRQHandler              
0000101f  UART1_IRQHandler              
0000101f  UART2_IRQHandler              
0000101f  UART3_IRQHandler              
0000115d  main                          
000013b1  aligned_alloc                 
000013b1  memalign                      
000014c5  __aeabi_ddiv                  
000014c5  __divdf3                      
000015d1  fputs                         
000016c9  DL_Timer_initTimerMode        
000017b1  free                          
00001899  __aeabi_dmul                  
00001899  __muldf3                      
0000197d  setvbuf                       
00001a5d  ldexp                         
00001a5d  ldexpl                        
00001a5d  scalbn                        
00001a5d  scalbnl                       
00001b35  __udivmoddi4                  
00001bd7  SYSCFG_DL_GPIO_init           
00001bd9  fputc                         
00001c75  memcpy                        
00001d0f  __aeabi_idiv0                 
00001d11  strcmp                        
00001d99  __TI_closefile                
00001e15  __TI_decompress_lzss          
00001e91  __gedf2                       
00001e91  __gtdf2                       
00001f05  HOSTlseek                     
00001f71  HOSTrename                    
00001fdd  fseeko                        
00002049  getdevice                     
000020b5  __cmpdf2                      
000020b5  __eqdf2                       
000020b5  __ledf2                       
000020b5  __ltdf2                       
000020b5  __nedf2                       
00002183  __TI_wrt_ok                   
000021e7  __aeabi_ldiv0                 
0000224d  __aeabi_dcmpeq                
00002261  __aeabi_dcmplt                
00002275  __aeabi_dcmple                
00002289  __aeabi_dcmpge                
0000229d  __aeabi_dcmpgt                
000022af  memset                        
00002311  HOSTopen                      
00002371  frexp                         
00002371  frexpl                        
000023cd  printf                        
00002429  HOSTread                      
00002481  HOSTwrite                     
000024d9  __TI_ltoa                     
00002589  __aeabi_idiv                  
00002589  __aeabi_idivmod               
000025df  __TI_doflush                  
00002683  _nop                          
00002685  close                         
000026d5  __aeabi_d2iz                  
000026d5  __fixdfsi                     
00002721  HOSTclose                     
00002769  HOSTunlink                    
000027b1  SYSCFG_DL_SYSCTL_init         
000027f1  __aeabi_uidiv                 
000027f1  __aeabi_uidivmod              
00002831  atoi                          
00002871  __TI_auto_init_nobinit_nopinit
000028ad  __muldsi3                     
000028e9  __TI_cleanup                  
0000291d  __TI_readmsg                  
00002951  __TI_writemsg                 
0000297d  C$$IO$$                       
00002985  exit                          
000029b9  finddevice                    
00002a1d  SYSCFG_DL_initPower           
00002a49  __aeabi_i2d                   
00002a49  __floatsidf                   
00002a75  unlink                        
00002ac9  lseek                         
00002af1  write                         
00002b19  _c_int00_noargs               
00002b41  __aeabi_ui2d                  
00002b41  __floatunsidf                 
00002b65  __aeabi_lmul                  
00002b65  __muldi3                      
00002b89  memccpy                       
00002bad  __aeabi_llsl                  
00002bad  __ashldi3                     
00002bcd  DL_Timer_setClockConfig       
00002c05  __TI_zero_init_nomemset       
00002c1d  __aeabi_uldivmod              
00002c45  __TI_decompress_none          
00002c57  SYSCFG_DL_init                
00002c67  wcslen                        
00002c85  __aeabi_memset                
00002c85  __aeabi_memset4               
00002c85  __aeabi_memset8               
00002cbd  __aeabi_memclr                
00002cbd  __aeabi_memclr4               
00002cbd  __aeabi_memclr8               
00002cc9  malloc                        
00002cd5  DL_Common_delayCycles         
00002d05  __aeabi_errno_addr            
00002d0d  __aeabi_memcpy                
00002d0d  __aeabi_memcpy4               
00002d0d  __aeabi_memcpy8               
00002d25  fseek                         
00002d2d  remove                        
00002d35  abort                         
00002d3a  C$$EXIT                       
00002d3b  HOSTexit                      
00002d3f  Reset_Handler                 
00002d43  _system_pre_init              
00002d50  __aeabi_ctype_table_          
00002d50  __aeabi_ctype_table_C         
00002ef0  __TI_Handler_Table_Base       
00002efc  __TI_Handler_Table_Limit      
00002f04  __TI_CINIT_Base               
00002f14  __TI_CINIT_Limit              
00002f14  __TI_CINIT_Warm               
20200000  __start___llvm_prf_bits       
20200000  __start___llvm_prf_cnts       
20200000  __stop___llvm_prf_bits        
20200000  __stop___llvm_prf_cnts        
20200000  _sys_memory                   
20200800  _ftable                       
202008f0  _device                       
20200968  _stream                       
202009b8  __TI_cleanup_ptr              
202009bc  __TI_dtors_ptr                
202009c0  __TI_ft_end                   
202009c4  __aeabi_errno                 
202009c8  _lock                         
202009cc  _unlock                       
202009d4  _CIOBUF_                      
202009d4  __CIOBUF_                     
20200af4  __TI_tmpnams                  
20200b94  parmbuf                       
20207e00  __stack                       
20208000  __STACK_END                   
ffffffff  __TI_pprof_out_hndl           
ffffffff  __TI_prof_data_size           
ffffffff  __TI_prof_data_start          
ffffffff  __binit__                     
ffffffff  binit                         
UNDEFED   __mpu_init                    
UNDEFED   _system_post_cinit            

[191 symbols]
