******************************************************************************
            TI ARM Clang Linker Unix v4.0.3                    
******************************************************************************
>> Linked Sun Sep 21 22:43:48 2025

OUTPUT FILE NAME:   <Lab2-exercise4.out>
ENTRY POINT SYMBOL: "_c_int00_noargs"  address: 000019b9


MEMORY CONFIGURATION

         name            origin    length      used     unused   attr    fill
----------------------  --------  ---------  --------  --------  ----  --------
  FLASH                 00000000   00020000  00001d58  0001e2a8  R  X
  SRAM                  20200000   00008000  00000d9d  00007263  RW X
  BCR_CONFIG            41c00000   000000ff  00000000  000000ff  R   
  BSL_CONFIG            41c00100   00000080  00000000  00000080  R   


SEGMENT ALLOCATION MAP

run origin  load origin   length   init length attrs members
----------  ----------- ---------- ----------- ----- -------
00000000    00000000    00001d58   00001d58    r-x
  00000000    00000000    000000c0   000000c0    r-- .intvecs
  000000c0    000000c0    00001ab0   00001ab0    r-x .text
  00001b70    00001b70    00000160   00000160    r-- .rodata
  00001cd0    00001cd0    00000088   00000088    r-- .cinit
20200000    20200000    00000ba0   00000000    rw-
  20200000    20200000    00000800   00000000    rw- .sysmem
  20200800    20200800    000001d1   00000000    rw- .data
  202009d4    202009d4    000001cc   00000000    rw- .bss
20207e00    20207e00    00000200   00000000    rw-
  20207e00    20207e00    00000200   00000000    rw- .stack


SECTION ALLOCATION MAP

 output                                  attributes/
section   page    origin      length       input sections
--------  ----  ----------  ----------   ----------------
.intvecs   0    00000000    000000c0     
                  00000000    000000c0     startup_mspm0g350x_ticlang.o (.intvecs)

.text      0    000000c0    00001ab0     
                  000000c0    00000868     libc.a : _printfi.c.obj (.text:__TI_printfi_nofloat)
                  00000928    00000114            : memory.c.obj (.text.aligned_alloc)
                  00000a3c    000000f8            : fputs.c.obj (.text.fputs)
                  00000b34    000000e8            : memory.c.obj (.text.free)
                  00000c1c    000000e0            : setvbuf.c.obj (.text.setvbuf)
                  00000cfc    000000d4     ex4.o (.text.main)
                  00000dd0    000000a2     libclang_rt.builtins.a : udivmoddi4.S.obj (.text)
                  00000e72    00000002     startup_mspm0g350x_ticlang.o (.text.Default_Handler)
                  00000e74    0000009c     libc.a : fputc.c.obj (.text.fputc)
                  00000f10    0000009a            : memcpy16.S.obj (.text:memcpy)
                  00000faa    00000006            : exit.c.obj (.text:abort)
                  00000fb0    00000088            : strcmp-armv6m.S.obj (.text:strcmp)
                  00001038    0000007c            : fclose.c.obj (.text.__TI_closefile)
                  000010b4    0000007c            : copy_decompress_lzss.c.obj (.text:decompress:lzss)
                  00001130    0000006c     libsysbm.a : hostlseek.c.obj (.text.HOSTlseek)
                  0000119c    0000006c                : hostrename.c.obj (.text.HOSTrename)
                  00001208    0000006c     libc.a : fseek.c.obj (.text.fseeko)
                  00001274    0000006c            : getdevice.c.obj (.text.getdevice)
                  000012e0    00000064            : _io_perm.c.obj (.text.__TI_wrt_ok)
                  00001344    00000064            : memory.c.obj (.text.split)
                  000013a8    00000062            : memset16.S.obj (.text:memset)
                  0000140a    00000002     ti_msp_dl_config.o (.text.SYSCFG_DL_GPIO_init)
                  0000140c    00000060     libsysbm.a : hostopen.c.obj (.text.HOSTopen)
                  0000146c    0000005c     libc.a : printf.c.obj (.text.printf)
                  000014c8    00000058     libsysbm.a : hostread.c.obj (.text.HOSTread)
                  00001520    00000058                : hostwrite.c.obj (.text.HOSTwrite)
                  00001578    00000052     libc.a : fflush.c.obj (.text.__TI_doflush)
                  000015ca    00000002     libclang_rt.builtins.a : aeabi_div0.c.obj (.text.__aeabi_idiv0)
                  000015cc    00000050     libsysbm.a : close.c.obj (.text.close)
                  0000161c    00000048                : hostclose.c.obj (.text.HOSTclose)
                  00001664    00000048                : hostunlink.c.obj (.text.HOSTunlink)
                  000016ac    00000040     ti_msp_dl_config.o (.text.SYSCFG_DL_SYSCTL_init)
                  000016ec    00000040     libclang_rt.builtins.a : aeabi_uidivmod.S.obj (.text.__aeabi_uidivmod)
                  0000172c    00000040     libc.a : atoi.c.obj (.text.atoi)
                  0000176c    0000003c            : autoinit.c.obj (.text:__TI_auto_init_nobinit_nopinit)
                  000017a8    0000003a     libclang_rt.builtins.a : muldsi3.S.obj (.text.__muldsi3)
                  000017e2    00000002                            : aeabi_div0.c.obj (.text.__aeabi_ldiv0)
                  000017e4    00000034     libc.a : fopen.c.obj (.text.__TI_cleanup)
                  00001818    00000034     libsysbm.a : trgmsg.c.obj (.text.__TI_readmsg)
                  0000184c    00000034                : trgmsg.c.obj (.text.__TI_writemsg)
                  00001880    00000034     libc.a : exit.c.obj (.text.exit)
                  000018b4    00000034            : getdevice.c.obj (.text.finddevice)
                  000018e8    0000002c     ti_msp_dl_config.o (.text.SYSCFG_DL_initPower)
                  00001914    0000002c     libsysbm.a : unlink.c.obj (.text.unlink)
                  00001940    00000028     libc.a : memory.c.obj (.text.free_list_insert)
                  00001968    00000028     libsysbm.a : lseek.c.obj (.text.lseek)
                  00001990    00000028                : write.c.obj (.text.write)
                  000019b8    00000028     libc.a : boot_cortex_m.c.obj (.text:_c_int00_noargs)
                  000019e0    00000024     libclang_rt.builtins.a : muldi3.S.obj (.text.__muldi3)
                  00001a04    00000022     libc.a : memccpy.c.obj (.text.memccpy)
                  00001a26    00000002            : _lock.c.obj (.text._nop)
                  00001a28    0000001e     libclang_rt.builtins.a : ashldi3.S.obj (.text.__ashldi3)
                  00001a46    00000002     --HOLE-- [fill = 0]
                  00001a48    0000001c     libc.a : memory.c.obj (.text.free_list_remove)
                  00001a64    00000016            : copy_zero_init.c.obj (.text:decompress:ZI:__TI_zero_init_nomemset)
                  00001a7a    00000002     --HOLE-- [fill = 0]
                  00001a7c    00000014     libclang_rt.builtins.a : aeabi_uldivmod.S.obj (.text.__aeabi_uldivmod)
                  00001a90    00000012     libc.a : copy_decompress_none.c.obj (.text:decompress:none)
                  00001aa2    00000010     ti_msp_dl_config.o (.text.SYSCFG_DL_init)
                  00001ab2    00000010     libc.a : wcslen.c.obj (.text.wcslen)
                  00001ac2    0000000e            : memory.c.obj (.text.OUTLINED_FUNCTION_0)
                  00001ad0    0000000e     libclang_rt.builtins.a : aeabi_memset.S.obj (.text.__aeabi_memset)
                  00001ade    0000000e     libsysbm.a : hostrename.c.obj (.text.strcpy)
                  00001aec    0000000e     libc.a : _printfi.c.obj (.text.strlen)
                  00001afa    0000000e     libsysbm.a : hostrename.c.obj (.text.strlen)
                  00001b08    0000000c     libclang_rt.builtins.a : aeabi_memset.S.obj (.text.__aeabi_memclr)
                  00001b14    0000000c     libc.a : memory.c.obj (.text.malloc)
                  00001b20    0000000a     driverlib.a : dl_common.o (.text.DL_Common_delayCycles)
                  00001b2a    00000002     --HOLE-- [fill = 0]
                  00001b2c    00000008     libc.a : aeabi_portable.c.obj (.text.__aeabi_errno_addr)
                  00001b34    00000008     libclang_rt.builtins.a : aeabi_memcpy.S.obj (.text.__aeabi_memcpy)
                  00001b3c    00000008     libc.a : printf.c.obj (.text._outc)
                  00001b44    00000008            : printf.c.obj (.text._outs)
                  00001b4c    00000008            : fseek.c.obj (.text.fseek)
                  00001b54    00000008     libsysbm.a : remove.c.obj (.text.remove)
                  00001b5c    00000004                : hostexit.c.obj (.text.HOSTexit)
                  00001b60    00000004     startup_mspm0g350x_ticlang.o (.text.Reset_Handler)
                  00001b64    00000004     libc.a : pre_init.c.obj (.text._system_pre_init)
                  00001b68    00000008     --HOLE-- [fill = 0]

.cinit     0    00001cd0    00000088     
                  00001cd0    00000061     (.cinit..data.load) [load image, compression = lzss]
                  00001d31    00000003     --HOLE-- [fill = 0]
                  00001d34    0000000c     (__TI_handler_table)
                  00001d40    00000008     (.cinit..bss.load) [load image, compression = zero_init]
                  00001d48    00000010     (__TI_cinit_table)

.rodata    0    00001b70    00000160     
                  00001b70    00000101     libc.a : aeabi_ctype.S.obj (.rodata:__aeabi_ctype_table_)
                  00001c71    0000001d     ex4.o (.rodata.str1.8864671810204473590.1)
                  00001c8e    0000001c     ex4.o (.rodata.str1.5025007560870045226.1)
                  00001caa    00000011     libc.a : _printfi.c.obj (.rodata.str1.10348868589481759720.1)
                  00001cbb    00000011            : _printfi.c.obj (.rodata.str1.15363888844622738466.1)
                  00001ccc    00000004     --HOLE-- [fill = 0]

.init_array 
*          0    00000000    00000000     UNINITIALIZED

.binit     0    00000000    00000000     

.sysmem    0    20200000    00000800     UNINITIALIZED
                  20200000    00000010     libc.a : memory.c.obj (.sysmem)
                  20200010    000007f0     --HOLE--

.data      0    20200800    000001d1     UNINITIALIZED
                  20200800    000000f0     libc.a : defs.c.obj (.data._ftable)
                  202008f0    00000078     libsysbm.a : host_device.c.obj (.data._device)
                  20200968    00000050                : host_device.c.obj (.data._stream)
                  202009b8    00000008     libc.a : exit.c.obj (.data..L_MergedGlobals)
                  202009c0    00000004            : defs.c.obj (.data.__TI_ft_end)
                  202009c4    00000004            : aeabi_portable.c.obj (.data.__aeabi_errno)
                  202009c8    00000004            : _lock.c.obj (.data._lock)
                  202009cc    00000004            : _lock.c.obj (.data._unlock)
                  202009d0    00000001            : memory.c.obj (.data.memory_is_initialized)

.bss       0    202009d4    000001cc     UNINITIALIZED
                  202009d4    00000120     libsysbm.a : trgmsg.c.obj (.bss:_CIOBUF_)
                  20200af4    000000a0     libc.a : defs.c.obj (.bss.__TI_tmpnams)
                  20200b94    00000008     libsysbm.a : hostopen.c.obj (.bss.parmbuf)
                  20200b9c    00000004     libc.a : memory.c.obj (.bss.sys_free)

.stack     0    20207e00    00000200     UNINITIALIZED
                  20207e00    00000004     libc.a : boot_cortex_m.c.obj (.stack)
                  20207e04    000001fc     --HOLE--

__llvm_prf_cnts 
*          0    20200000    00000000     UNINITIALIZED

__llvm_prf_bits 
*          0    20200000    00000000     UNINITIALIZED

MODULE SUMMARY

       Module                         code   ro data   rw data
       ------                         ----   -------   -------
    ./
       ex4.o                          212    57        0      
       startup_mspm0g350x_ticlang.o   6      192       0      
       ti_msp_dl_config.o             126    0         0      
    +--+------------------------------+------+---------+---------+
       Total:                         344    249       0      
                                                              
    /home/mihir/CMPE146/CCS_20.2.0.00012_linux/ccs2020/ccs/tools/compiler/ti-cgt-armllvm_4.0.3.LTS/lib/armv6m-ti-none-eabi/c/libc.a
       _printfi.c.obj                 2166   34        0      
       memory.c.obj                   702    0         5      
       defs.c.obj                     0      0         404    
       aeabi_ctype.S.obj              0      257       0      
       fputs.c.obj                    248    0         0      
       setvbuf.c.obj                  224    0         0      
       getdevice.c.obj                160    0         0      
       fputc.c.obj                    156    0         0      
       memcpy16.S.obj                 154    0         0      
       strcmp-armv6m.S.obj            136    0         0      
       copy_decompress_lzss.c.obj     124    0         0      
       fclose.c.obj                   124    0         0      
       fseek.c.obj                    116    0         0      
       printf.c.obj                   108    0         0      
       _io_perm.c.obj                 100    0         0      
       memset16.S.obj                 98     0         0      
       fflush.c.obj                   82     0         0      
       exit.c.obj                     58     0         8      
       atoi.c.obj                     64     0         0      
       autoinit.c.obj                 60     0         0      
       fopen.c.obj                    52     0         0      
       boot_cortex_m.c.obj            40     0         0      
       memccpy.c.obj                  34     0         0      
       copy_zero_init.c.obj           22     0         0      
       copy_decompress_none.c.obj     18     0         0      
       wcslen.c.obj                   16     0         0      
       aeabi_portable.c.obj           8      0         4      
       _lock.c.obj                    2      0         8      
       pre_init.c.obj                 4      0         0      
    +--+------------------------------+------+---------+---------+
       Total:                         5076   291       429    
                                                              
    /home/mihir/CMPE146/CCS_20.2.0.00012_linux/ccs2020/ccs/tools/compiler/ti-cgt-armllvm_4.0.3.LTS/lib/armv6m-ti-none-eabi/c/libsysbm.a
       trgmsg.c.obj                   104    0         288    
       host_device.c.obj              0      0         200    
       hostrename.c.obj               136    0         0      
       hostlseek.c.obj                108    0         0      
       hostopen.c.obj                 96     0         8      
       hostread.c.obj                 88     0         0      
       hostwrite.c.obj                88     0         0      
       close.c.obj                    80     0         0      
       hostclose.c.obj                72     0         0      
       hostunlink.c.obj               72     0         0      
       unlink.c.obj                   44     0         0      
       lseek.c.obj                    40     0         0      
       write.c.obj                    40     0         0      
       remove.c.obj                   8      0         0      
       hostexit.c.obj                 4      0         0      
    +--+------------------------------+------+---------+---------+
       Total:                         980    0         496    
                                                              
    /home/mihir/CMPE146/CCS_20.2.0.00012_linux/ccs2020/ccs/tools/compiler/ti-cgt-armllvm_4.0.3.LTS/lib/armv6m-ti-none-eabi/libclang_rt.builtins.a
       udivmoddi4.S.obj               162    0         0      
       aeabi_uidivmod.S.obj           64     0         0      
       muldsi3.S.obj                  58     0         0      
       muldi3.S.obj                   36     0         0      
       ashldi3.S.obj                  30     0         0      
       aeabi_memset.S.obj             26     0         0      
       aeabi_uldivmod.S.obj           20     0         0      
       aeabi_memcpy.S.obj             8      0         0      
       aeabi_div0.c.obj               4      0         0      
    +--+------------------------------+------+---------+---------+
       Total:                         408    0         0      
                                                              
    /home/mihir/ti/mspm0_sdk_2_05_01_00/source/ti/driverlib/lib/ticlang/m0p/mspm0g1x0x_g3x0x/driverlib.a
       dl_common.o                    10     0         0      
    +--+------------------------------+------+---------+---------+
       Total:                         10     0         0      
                                                              
       Heap:                          0      0         2048   
       Stack:                         0      0         512    
       Linker Generated:              0      133       0      
    +--+------------------------------+------+---------+---------+
       Grand Total:                   6818   673       3485   


LINKER GENERATED COPY TABLES

__TI_cinit_table @ 00001d48 records: 2, size/record: 8, table size: 16
	.data: load addr=00001cd0, load size=00000061 bytes, run addr=20200800, run size=000001d1 bytes, compression=lzss
	.bss: load addr=00001d40, load size=00000008 bytes, run addr=202009d4, run size=000001cc bytes, compression=zero_init


LINKER GENERATED HANDLER TABLE

__TI_handler_table @ 00001d34 records: 3, size/record: 4, table size: 12
	index: 0, handler: __TI_decompress_lzss
	index: 1, handler: __TI_decompress_none
	index: 2, handler: __TI_zero_init


GLOBAL SYMBOLS: SORTED ALPHABETICALLY BY Name 

address   name                          
-------   ----                          
00000e73  ADC0_IRQHandler               
00000e73  ADC1_IRQHandler               
00000e73  AES_IRQHandler                
00001b5c  C$$EXIT                       
00001879  C$$IO$$                       
00000e73  CANFD0_IRQHandler             
00000e73  DAC0_IRQHandler               
00001b21  DL_Common_delayCycles         
00000e73  DMA_IRQHandler                
00000e73  Default_Handler               
00000e73  GROUP0_IRQHandler             
00000e73  GROUP1_IRQHandler             
0000161d  HOSTclose                     
00001b5d  HOSTexit                      
00001131  HOSTlseek                     
0000140d  HOSTopen                      
000014c9  HOSTread                      
0000119d  HOSTrename                    
00001665  HOSTunlink                    
00001521  HOSTwrite                     
00000e73  HardFault_Handler             
00000e73  I2C0_IRQHandler               
00000e73  I2C1_IRQHandler               
00000e73  NMI_Handler                   
00000e73  PendSV_Handler                
00000e73  RTC_IRQHandler                
00001b61  Reset_Handler                 
00000e73  SPI0_IRQHandler               
00000e73  SPI1_IRQHandler               
00000e73  SVC_Handler                   
0000140b  SYSCFG_DL_GPIO_init           
000016ad  SYSCFG_DL_SYSCTL_init         
00001aa3  SYSCFG_DL_init                
000018e9  SYSCFG_DL_initPower           
00000e73  SysTick_Handler               
00000e73  TIMA0_IRQHandler              
00000e73  TIMA1_IRQHandler              
00000e73  TIMG0_IRQHandler              
00000e73  TIMG12_IRQHandler             
00000e73  TIMG6_IRQHandler              
00000e73  TIMG7_IRQHandler              
00000e73  TIMG8_IRQHandler              
00000e73  UART0_IRQHandler              
00000e73  UART1_IRQHandler              
00000e73  UART2_IRQHandler              
00000e73  UART3_IRQHandler              
202009d4  _CIOBUF_                      
202009d4  __CIOBUF_                     
20208000  __STACK_END                   
00000200  __STACK_SIZE                  
00000800  __SYSMEM_SIZE                 
00000000  __TI_ATRegion0_region_sz      
00000000  __TI_ATRegion0_src_addr       
00000000  __TI_ATRegion0_trg_addr       
00000000  __TI_ATRegion1_region_sz      
00000000  __TI_ATRegion1_src_addr       
00000000  __TI_ATRegion1_trg_addr       
00000000  __TI_ATRegion2_region_sz      
00000000  __TI_ATRegion2_src_addr       
00000000  __TI_ATRegion2_trg_addr       
00001d48  __TI_CINIT_Base               
00001d58  __TI_CINIT_Limit              
00001d58  __TI_CINIT_Warm               
00001d34  __TI_Handler_Table_Base       
00001d40  __TI_Handler_Table_Limit      
0000176d  __TI_auto_init_nobinit_nopinit
000017e5  __TI_cleanup                  
202009b8  __TI_cleanup_ptr              
00001039  __TI_closefile                
000010b5  __TI_decompress_lzss          
00001a91  __TI_decompress_none          
00001579  __TI_doflush                  
202009bc  __TI_dtors_ptr                
202009c0  __TI_ft_end                   
ffffffff  __TI_pprof_out_hndl           
000000c1  __TI_printfi_nofloat          
ffffffff  __TI_prof_data_size           
ffffffff  __TI_prof_data_start          
00001819  __TI_readmsg                  
00000000  __TI_static_base__            
20200af4  __TI_tmpnams                  
0000184d  __TI_writemsg                 
000012e1  __TI_wrt_ok                   
00001a65  __TI_zero_init_nomemset       
00001b70  __aeabi_ctype_table_          
00001b70  __aeabi_ctype_table_C         
202009c4  __aeabi_errno                 
00001b2d  __aeabi_errno_addr            
000015cb  __aeabi_idiv0                 
000017e3  __aeabi_ldiv0                 
00001a29  __aeabi_llsl                  
000019e1  __aeabi_lmul                  
00001b09  __aeabi_memclr                
00001b09  __aeabi_memclr4               
00001b09  __aeabi_memclr8               
00001b35  __aeabi_memcpy                
00001b35  __aeabi_memcpy4               
00001b35  __aeabi_memcpy8               
00001ad1  __aeabi_memset                
00001ad1  __aeabi_memset4               
00001ad1  __aeabi_memset8               
000016ed  __aeabi_uidiv                 
000016ed  __aeabi_uidivmod              
00001a7d  __aeabi_uldivmod              
00001a29  __ashldi3                     
ffffffff  __binit__                     
UNDEFED   __mpu_init                    
000019e1  __muldi3                      
000017a9  __muldsi3                     
20207e00  __stack                       
20200000  __start___llvm_prf_bits       
20200000  __start___llvm_prf_cnts       
20200000  __stop___llvm_prf_bits        
20200000  __stop___llvm_prf_cnts        
00000dd1  __udivmoddi4                  
000019b9  _c_int00_noargs               
202008f0  _device                       
20200800  _ftable                       
202009c8  _lock                         
00001a27  _nop                          
20200968  _stream                       
20200000  _sys_memory                   
UNDEFED   _system_post_cinit            
00001b65  _system_pre_init              
202009cc  _unlock                       
00000fab  abort                         
00000929  aligned_alloc                 
0000172d  atoi                          
ffffffff  binit                         
000015cd  close                         
00001881  exit                          
000018b5  finddevice                    
00000e75  fputc                         
00000a3d  fputs                         
00000b35  free                          
00001b4d  fseek                         
00001209  fseeko                        
00001275  getdevice                     
00000000  interruptVectors              
00001969  lseek                         
00000cfd  main                          
00001b15  malloc                        
00000929  memalign                      
00001a05  memccpy                       
00000f11  memcpy                        
000013a9  memset                        
20200b94  parmbuf                       
0000146d  printf                        
00001b55  remove                        
00000c1d  setvbuf                       
00000fb1  strcmp                        
00001915  unlink                        
00001ab3  wcslen                        
00001991  write                         


GLOBAL SYMBOLS: SORTED BY Symbol Address 

address   name                          
-------   ----                          
00000000  __TI_ATRegion0_region_sz      
00000000  __TI_ATRegion0_src_addr       
00000000  __TI_ATRegion0_trg_addr       
00000000  __TI_ATRegion1_region_sz      
00000000  __TI_ATRegion1_src_addr       
00000000  __TI_ATRegion1_trg_addr       
00000000  __TI_ATRegion2_region_sz      
00000000  __TI_ATRegion2_src_addr       
00000000  __TI_ATRegion2_trg_addr       
00000000  __TI_static_base__            
00000000  interruptVectors              
000000c1  __TI_printfi_nofloat          
00000200  __STACK_SIZE                  
00000800  __SYSMEM_SIZE                 
00000929  aligned_alloc                 
00000929  memalign                      
00000a3d  fputs                         
00000b35  free                          
00000c1d  setvbuf                       
00000cfd  main                          
00000dd1  __udivmoddi4                  
00000e73  ADC0_IRQHandler               
00000e73  ADC1_IRQHandler               
00000e73  AES_IRQHandler                
00000e73  CANFD0_IRQHandler             
00000e73  DAC0_IRQHandler               
00000e73  DMA_IRQHandler                
00000e73  Default_Handler               
00000e73  GROUP0_IRQHandler             
00000e73  GROUP1_IRQHandler             
00000e73  HardFault_Handler             
00000e73  I2C0_IRQHandler               
00000e73  I2C1_IRQHandler               
00000e73  NMI_Handler                   
00000e73  PendSV_Handler                
00000e73  RTC_IRQHandler                
00000e73  SPI0_IRQHandler               
00000e73  SPI1_IRQHandler               
00000e73  SVC_Handler                   
00000e73  SysTick_Handler               
00000e73  TIMA0_IRQHandler              
00000e73  TIMA1_IRQHandler              
00000e73  TIMG0_IRQHandler              
00000e73  TIMG12_IRQHandler             
00000e73  TIMG6_IRQHandler              
00000e73  TIMG7_IRQHandler              
00000e73  TIMG8_IRQHandler              
00000e73  UART0_IRQHandler              
00000e73  UART1_IRQHandler              
00000e73  UART2_IRQHandler              
00000e73  UART3_IRQHandler              
00000e75  fputc                         
00000f11  memcpy                        
00000fab  abort                         
00000fb1  strcmp                        
00001039  __TI_closefile                
000010b5  __TI_decompress_lzss          
00001131  HOSTlseek                     
0000119d  HOSTrename                    
00001209  fseeko                        
00001275  getdevice                     
000012e1  __TI_wrt_ok                   
000013a9  memset                        
0000140b  SYSCFG_DL_GPIO_init           
0000140d  HOSTopen                      
0000146d  printf                        
000014c9  HOSTread                      
00001521  HOSTwrite                     
00001579  __TI_doflush                  
000015cb  __aeabi_idiv0                 
000015cd  close                         
0000161d  HOSTclose                     
00001665  HOSTunlink                    
000016ad  SYSCFG_DL_SYSCTL_init         
000016ed  __aeabi_uidiv                 
000016ed  __aeabi_uidivmod              
0000172d  atoi                          
0000176d  __TI_auto_init_nobinit_nopinit
000017a9  __muldsi3                     
000017e3  __aeabi_ldiv0                 
000017e5  __TI_cleanup                  
00001819  __TI_readmsg                  
0000184d  __TI_writemsg                 
00001879  C$$IO$$                       
00001881  exit                          
000018b5  finddevice                    
000018e9  SYSCFG_DL_initPower           
00001915  unlink                        
00001969  lseek                         
00001991  write                         
000019b9  _c_int00_noargs               
000019e1  __aeabi_lmul                  
000019e1  __muldi3                      
00001a05  memccpy                       
00001a27  _nop                          
00001a29  __aeabi_llsl                  
00001a29  __ashldi3                     
00001a65  __TI_zero_init_nomemset       
00001a7d  __aeabi_uldivmod              
00001a91  __TI_decompress_none          
00001aa3  SYSCFG_DL_init                
00001ab3  wcslen                        
00001ad1  __aeabi_memset                
00001ad1  __aeabi_memset4               
00001ad1  __aeabi_memset8               
00001b09  __aeabi_memclr                
00001b09  __aeabi_memclr4               
00001b09  __aeabi_memclr8               
00001b15  malloc                        
00001b21  DL_Common_delayCycles         
00001b2d  __aeabi_errno_addr            
00001b35  __aeabi_memcpy                
00001b35  __aeabi_memcpy4               
00001b35  __aeabi_memcpy8               
00001b4d  fseek                         
00001b55  remove                        
00001b5c  C$$EXIT                       
00001b5d  HOSTexit                      
00001b61  Reset_Handler                 
00001b65  _system_pre_init              
00001b70  __aeabi_ctype_table_          
00001b70  __aeabi_ctype_table_C         
00001d34  __TI_Handler_Table_Base       
00001d40  __TI_Handler_Table_Limit      
00001d48  __TI_CINIT_Base               
00001d58  __TI_CINIT_Limit              
00001d58  __TI_CINIT_Warm               
20200000  __start___llvm_prf_bits       
20200000  __start___llvm_prf_cnts       
20200000  __stop___llvm_prf_bits        
20200000  __stop___llvm_prf_cnts        
20200000  _sys_memory                   
20200800  _ftable                       
202008f0  _device                       
20200968  _stream                       
202009b8  __TI_cleanup_ptr              
202009bc  __TI_dtors_ptr                
202009c0  __TI_ft_end                   
202009c4  __aeabi_errno                 
202009c8  _lock                         
202009cc  _unlock                       
202009d4  _CIOBUF_                      
202009d4  __CIOBUF_                     
20200af4  __TI_tmpnams                  
20200b94  parmbuf                       
20207e00  __stack                       
20208000  __STACK_END                   
ffffffff  __TI_pprof_out_hndl           
ffffffff  __TI_prof_data_size           
ffffffff  __TI_prof_data_start          
ffffffff  __binit__                     
ffffffff  binit                         
UNDEFED   __mpu_init                    
UNDEFED   _system_post_cinit            

[154 symbols]
