******************************************************************************
            TI ARM Clang Linker Unix v4.0.3                    
******************************************************************************
>> Linked Sun Sep  7 14:56:57 2025

OUTPUT FILE NAME:   <Lab1.out>
ENTRY POINT SYMBOL: "_c_int00_noargs"  address: 00000e21


MEMORY CONFIGURATION

         name            origin    length      used     unused   attr    fill
----------------------  --------  ---------  --------  --------  ----  --------
  FLASH                 00000000   00020000  00000ff0  0001f010  R  X
  SRAM                  20200000   00008000  00000d99  00007267  RW X
  BCR_CONFIG            41c00000   000000ff  00000000  000000ff  R   
  BSL_CONFIG            41c00100   00000080  00000000  00000080  R   


SEGMENT ALLOCATION MAP

run origin  load origin   length   init length attrs members
----------  ----------- ---------- ----------- ----- -------
00000000    00000000    00000ff0   00000ff0    r-x
  00000000    00000000    000000c0   000000c0    r-- .intvecs
  000000c0    000000c0    00000e90   00000e90    r-x .text
  00000f50    00000f50    00000018   00000018    r-- .rodata
  00000f68    00000f68    00000088   00000088    r-- .cinit
20200000    20200000    00000b9c   00000000    rw-
  20200000    20200000    00000800   00000000    rw- .sysmem
  20200800    20200800    000001cd   00000000    rw- .data
  202009d0    202009d0    000001cc   00000000    rw- .bss
20207e00    20207e00    00000200   00000000    rw-
  20207e00    20207e00    00000200   00000000    rw- .stack


SECTION ALLOCATION MAP

 output                                  attributes/
section   page    origin      length       input sections
--------  ----  ----------  ----------   ----------------
.intvecs   0    00000000    000000c0     
                  00000000    000000c0     startup_mspm0g350x_ticlang.o (.intvecs)

.text      0    000000c0    00000e90     
                  000000c0    00000114     libc.a : memory.c.obj (.text.aligned_alloc)
                  000001d4    000000f8            : fputs.c.obj (.text.fputs)
                  000002cc    000000e8            : memory.c.obj (.text.free)
                  000003b4    000000e0            : setvbuf.c.obj (.text.setvbuf)
                  00000494    0000009a            : memcpy16.S.obj (.text:memcpy)
                  0000052e    00000002     startup_mspm0g350x_ticlang.o (.text.Default_Handler)
                  00000530    00000088     libc.a : strcmp-armv6m.S.obj (.text:strcmp)
                  000005b8    0000007c            : fclose.c.obj (.text.__TI_closefile)
                  00000634    0000007c            : copy_decompress_lzss.c.obj (.text:decompress:lzss)
                  000006b0    0000006c     libsysbm.a : hostlseek.c.obj (.text.HOSTlseek)
                  0000071c    0000006c                : hostrename.c.obj (.text.HOSTrename)
                  00000788    0000006c     libc.a : fseek.c.obj (.text.fseeko)
                  000007f4    0000006c            : getdevice.c.obj (.text.getdevice)
                  00000860    00000064            : _io_perm.c.obj (.text.__TI_wrt_ok)
                  000008c4    00000064            : memory.c.obj (.text.split)
                  00000928    00000062            : memset16.S.obj (.text:memset)
                  0000098a    00000002     ti_msp_dl_config.o (.text.SYSCFG_DL_GPIO_init)
                  0000098c    00000060     libsysbm.a : hostopen.c.obj (.text.HOSTopen)
                  000009ec    00000058                : hostread.c.obj (.text.HOSTread)
                  00000a44    00000058                : hostwrite.c.obj (.text.HOSTwrite)
                  00000a9c    00000052     libc.a : fflush.c.obj (.text.__TI_doflush)
                  00000aee    00000002            : _lock.c.obj (.text._nop)
                  00000af0    00000050     libsysbm.a : close.c.obj (.text.close)
                  00000b40    00000048                : hostclose.c.obj (.text.HOSTclose)
                  00000b88    00000048                : hostunlink.c.obj (.text.HOSTunlink)
                  00000bd0    00000040     ti_msp_dl_config.o (.text.SYSCFG_DL_SYSCTL_init)
                  00000c10    0000003c     libc.a : autoinit.c.obj (.text:__TI_auto_init_nobinit_nopinit)
                  00000c4c    00000034            : fopen.c.obj (.text.__TI_cleanup)
                  00000c80    00000034     libsysbm.a : trgmsg.c.obj (.text.__TI_readmsg)
                  00000cb4    00000034                : trgmsg.c.obj (.text.__TI_writemsg)
                  00000ce8    00000034     libc.a : exit.c.obj (.text.exit)
                  00000d1c    00000034            : getdevice.c.obj (.text.finddevice)
                  00000d50    0000002c     ti_msp_dl_config.o (.text.SYSCFG_DL_initPower)
                  00000d7c    0000002c     libsysbm.a : unlink.c.obj (.text.unlink)
                  00000da8    00000028     libc.a : memory.c.obj (.text.free_list_insert)
                  00000dd0    00000028     libsysbm.a : lseek.c.obj (.text.lseek)
                  00000df8    00000028                : write.c.obj (.text.write)
                  00000e20    00000028     libc.a : boot_cortex_m.c.obj (.text:_c_int00_noargs)
                  00000e48    00000024            : fputs.c.obj (.text.puts)
                  00000e6c    0000001c            : memory.c.obj (.text.free_list_remove)
                  00000e88    00000016            : copy_zero_init.c.obj (.text:decompress:ZI:__TI_zero_init_nomemset)
                  00000e9e    00000012            : copy_decompress_none.c.obj (.text:decompress:none)
                  00000eb0    00000010     ti_msp_dl_config.o (.text.SYSCFG_DL_init)
                  00000ec0    00000010     lab1-exercise2.o (.text.main)
                  00000ed0    0000000e     libc.a : memory.c.obj (.text.OUTLINED_FUNCTION_0)
                  00000ede    0000000e     libsysbm.a : hostrename.c.obj (.text.strcpy)
                  00000eec    0000000e                : hostrename.c.obj (.text.strlen)
                  00000efa    00000002     --HOLE-- [fill = 0]
                  00000efc    0000000c     libclang_rt.builtins.a : aeabi_memset.S.obj (.text.__aeabi_memclr)
                  00000f08    0000000c     libc.a : memory.c.obj (.text.malloc)
                  00000f14    0000000a     driverlib.a : dl_common.o (.text.DL_Common_delayCycles)
                  00000f1e    00000002     --HOLE-- [fill = 0]
                  00000f20    00000008     libclang_rt.builtins.a : aeabi_memcpy.S.obj (.text.__aeabi_memcpy)
                  00000f28    00000008     libc.a : fseek.c.obj (.text.fseek)
                  00000f30    00000008     libsysbm.a : remove.c.obj (.text.remove)
                  00000f38    00000006     libc.a : exit.c.obj (.text:abort)
                  00000f3e    00000004     libsysbm.a : hostexit.c.obj (.text.HOSTexit)
                  00000f42    00000004     startup_mspm0g350x_ticlang.o (.text.Reset_Handler)
                  00000f46    00000004     libc.a : pre_init.c.obj (.text._system_pre_init)
                  00000f4a    00000006     --HOLE-- [fill = 0]

.cinit     0    00000f68    00000088     
                  00000f68    00000064     (.cinit..data.load) [load image, compression = lzss]
                  00000fcc    0000000c     (__TI_handler_table)
                  00000fd8    00000008     (.cinit..bss.load) [load image, compression = zero_init]
                  00000fe0    00000010     (__TI_cinit_table)

.rodata    0    00000f50    00000018     
                  00000f50    0000000f     lab1-exercise2.o (.rodata.str1.10997300942647057279.1)
                  00000f5f    00000002     libc.a : fputs.c.obj (.rodata.str1.16607721268415185390.1)
                  00000f61    00000007     --HOLE-- [fill = 0]

.init_array 
*          0    00000000    00000000     UNINITIALIZED

.binit     0    00000000    00000000     

.sysmem    0    20200000    00000800     UNINITIALIZED
                  20200000    00000010     libc.a : memory.c.obj (.sysmem)
                  20200010    000007f0     --HOLE--

.data      0    20200800    000001cd     UNINITIALIZED
                  20200800    000000f0     libc.a : defs.c.obj (.data._ftable)
                  202008f0    00000078     libsysbm.a : host_device.c.obj (.data._device)
                  20200968    00000050                : host_device.c.obj (.data._stream)
                  202009b8    00000008     libc.a : exit.c.obj (.data..L_MergedGlobals)
                  202009c0    00000004            : defs.c.obj (.data.__TI_ft_end)
                  202009c4    00000004            : _lock.c.obj (.data._lock)
                  202009c8    00000004            : _lock.c.obj (.data._unlock)
                  202009cc    00000001            : memory.c.obj (.data.memory_is_initialized)

.bss       0    202009d0    000001cc     UNINITIALIZED
                  202009d0    00000120     libsysbm.a : trgmsg.c.obj (.bss:_CIOBUF_)
                  20200af0    000000a0     libc.a : defs.c.obj (.bss.__TI_tmpnams)
                  20200b90    00000008     libsysbm.a : hostopen.c.obj (.bss.parmbuf)
                  20200b98    00000004     libc.a : memory.c.obj (.bss.sys_free)

.stack     0    20207e00    00000200     UNINITIALIZED
                  20207e00    00000004     libc.a : boot_cortex_m.c.obj (.stack)
                  20207e04    000001fc     --HOLE--

__llvm_prf_cnts 
*          0    20200000    00000000     UNINITIALIZED

__llvm_prf_bits 
*          0    20200000    00000000     UNINITIALIZED

MODULE SUMMARY

       Module                         code   ro data   rw data
       ------                         ----   -------   -------
    ./
       startup_mspm0g350x_ticlang.o   6      192       0      
       ti_msp_dl_config.o             126    0         0      
       lab1-exercise2.o               16     15        0      
    +--+------------------------------+------+---------+---------+
       Total:                         148    207       0      
                                                              
    /home/mihir/CMPE146/CCS_20.2.0.00012_linux/ccs2020/ccs/tools/compiler/ti-cgt-armllvm_4.0.3.LTS/lib/armv6m-ti-none-eabi/c/libc.a
       memory.c.obj                   702    0         5      
       defs.c.obj                     0      0         404    
       fputs.c.obj                    284    2         0      
       setvbuf.c.obj                  224    0         0      
       getdevice.c.obj                160    0         0      
       memcpy16.S.obj                 154    0         0      
       strcmp-armv6m.S.obj            136    0         0      
       copy_decompress_lzss.c.obj     124    0         0      
       fclose.c.obj                   124    0         0      
       fseek.c.obj                    116    0         0      
       _io_perm.c.obj                 100    0         0      
       memset16.S.obj                 98     0         0      
       fflush.c.obj                   82     0         0      
       exit.c.obj                     58     0         8      
       autoinit.c.obj                 60     0         0      
       fopen.c.obj                    52     0         0      
       boot_cortex_m.c.obj            40     0         0      
       copy_zero_init.c.obj           22     0         0      
       copy_decompress_none.c.obj     18     0         0      
       _lock.c.obj                    2      0         8      
       pre_init.c.obj                 4      0         0      
    +--+------------------------------+------+---------+---------+
       Total:                         2560   2         425    
                                                              
    /home/mihir/CMPE146/CCS_20.2.0.00012_linux/ccs2020/ccs/tools/compiler/ti-cgt-armllvm_4.0.3.LTS/lib/armv6m-ti-none-eabi/c/libsysbm.a
       trgmsg.c.obj                   104    0         288    
       host_device.c.obj              0      0         200    
       hostrename.c.obj               136    0         0      
       hostlseek.c.obj                108    0         0      
       hostopen.c.obj                 96     0         8      
       hostread.c.obj                 88     0         0      
       hostwrite.c.obj                88     0         0      
       close.c.obj                    80     0         0      
       hostclose.c.obj                72     0         0      
       hostunlink.c.obj               72     0         0      
       unlink.c.obj                   44     0         0      
       lseek.c.obj                    40     0         0      
       write.c.obj                    40     0         0      
       remove.c.obj                   8      0         0      
       hostexit.c.obj                 4      0         0      
    +--+------------------------------+------+---------+---------+
       Total:                         980    0         496    
                                                              
    /home/mihir/CMPE146/CCS_20.2.0.00012_linux/ccs2020/ccs/tools/compiler/ti-cgt-armllvm_4.0.3.LTS/lib/armv6m-ti-none-eabi/libclang_rt.builtins.a
       aeabi_memset.S.obj             12     0         0      
       aeabi_memcpy.S.obj             8      0         0      
    +--+------------------------------+------+---------+---------+
       Total:                         20     0         0      
                                                              
    /home/mihir/ti/mspm0_sdk_2_05_01_00/source/ti/driverlib/lib/ticlang/m0p/mspm0g1x0x_g3x0x/driverlib.a
       dl_common.o                    10     0         0      
    +--+------------------------------+------+---------+---------+
       Total:                         10     0         0      
                                                              
       Heap:                          0      0         2048   
       Stack:                         0      0         512    
       Linker Generated:              0      136       0      
    +--+------------------------------+------+---------+---------+
       Grand Total:                   3718   345       3481   


LINKER GENERATED COPY TABLES

__TI_cinit_table @ 00000fe0 records: 2, size/record: 8, table size: 16
	.data: load addr=00000f68, load size=00000064 bytes, run addr=20200800, run size=000001cd bytes, compression=lzss
	.bss: load addr=00000fd8, load size=00000008 bytes, run addr=202009d0, run size=000001cc bytes, compression=zero_init


LINKER GENERATED HANDLER TABLE

__TI_handler_table @ 00000fcc records: 3, size/record: 4, table size: 12
	index: 0, handler: __TI_decompress_lzss
	index: 1, handler: __TI_decompress_none
	index: 2, handler: __TI_zero_init


GLOBAL SYMBOLS: SORTED ALPHABETICALLY BY Name 

address   name                          
-------   ----                          
0000052f  ADC0_IRQHandler               
0000052f  ADC1_IRQHandler               
0000052f  AES_IRQHandler                
00000f3e  C$$EXIT                       
00000ce1  C$$IO$$                       
0000052f  CANFD0_IRQHandler             
0000052f  DAC0_IRQHandler               
00000f15  DL_Common_delayCycles         
0000052f  DMA_IRQHandler                
0000052f  Default_Handler               
0000052f  GROUP0_IRQHandler             
0000052f  GROUP1_IRQHandler             
00000b41  HOSTclose                     
00000f3f  HOSTexit                      
000006b1  HOSTlseek                     
0000098d  HOSTopen                      
000009ed  HOSTread                      
0000071d  HOSTrename                    
00000b89  HOSTunlink                    
00000a45  HOSTwrite                     
0000052f  HardFault_Handler             
0000052f  I2C0_IRQHandler               
0000052f  I2C1_IRQHandler               
0000052f  NMI_Handler                   
0000052f  PendSV_Handler                
0000052f  RTC_IRQHandler                
00000f43  Reset_Handler                 
0000052f  SPI0_IRQHandler               
0000052f  SPI1_IRQHandler               
0000052f  SVC_Handler                   
0000098b  SYSCFG_DL_GPIO_init           
00000bd1  SYSCFG_DL_SYSCTL_init         
00000eb1  SYSCFG_DL_init                
00000d51  SYSCFG_DL_initPower           
0000052f  SysTick_Handler               
0000052f  TIMA0_IRQHandler              
0000052f  TIMA1_IRQHandler              
0000052f  TIMG0_IRQHandler              
0000052f  TIMG12_IRQHandler             
0000052f  TIMG6_IRQHandler              
0000052f  TIMG7_IRQHandler              
0000052f  TIMG8_IRQHandler              
0000052f  UART0_IRQHandler              
0000052f  UART1_IRQHandler              
0000052f  UART2_IRQHandler              
0000052f  UART3_IRQHandler              
202009d0  _CIOBUF_                      
202009d0  __CIOBUF_                     
20208000  __STACK_END                   
00000200  __STACK_SIZE                  
00000800  __SYSMEM_SIZE                 
00000000  __TI_ATRegion0_region_sz      
00000000  __TI_ATRegion0_src_addr       
00000000  __TI_ATRegion0_trg_addr       
00000000  __TI_ATRegion1_region_sz      
00000000  __TI_ATRegion1_src_addr       
00000000  __TI_ATRegion1_trg_addr       
00000000  __TI_ATRegion2_region_sz      
00000000  __TI_ATRegion2_src_addr       
00000000  __TI_ATRegion2_trg_addr       
00000fe0  __TI_CINIT_Base               
00000ff0  __TI_CINIT_Limit              
00000ff0  __TI_CINIT_Warm               
00000fcc  __TI_Handler_Table_Base       
00000fd8  __TI_Handler_Table_Limit      
00000c11  __TI_auto_init_nobinit_nopinit
00000c4d  __TI_cleanup                  
202009b8  __TI_cleanup_ptr              
000005b9  __TI_closefile                
00000635  __TI_decompress_lzss          
00000e9f  __TI_decompress_none          
00000a9d  __TI_doflush                  
202009bc  __TI_dtors_ptr                
202009c0  __TI_ft_end                   
ffffffff  __TI_pprof_out_hndl           
ffffffff  __TI_prof_data_size           
ffffffff  __TI_prof_data_start          
00000c81  __TI_readmsg                  
00000000  __TI_static_base__            
20200af0  __TI_tmpnams                  
00000cb5  __TI_writemsg                 
00000861  __TI_wrt_ok                   
00000e89  __TI_zero_init_nomemset       
00000efd  __aeabi_memclr                
00000efd  __aeabi_memclr4               
00000efd  __aeabi_memclr8               
00000f21  __aeabi_memcpy                
00000f21  __aeabi_memcpy4               
00000f21  __aeabi_memcpy8               
ffffffff  __binit__                     
UNDEFED   __mpu_init                    
20207e00  __stack                       
20200000  __start___llvm_prf_bits       
20200000  __start___llvm_prf_cnts       
20200000  __stop___llvm_prf_bits        
20200000  __stop___llvm_prf_cnts        
00000e21  _c_int00_noargs               
202008f0  _device                       
20200800  _ftable                       
202009c4  _lock                         
00000aef  _nop                          
20200968  _stream                       
20200000  _sys_memory                   
UNDEFED   _system_post_cinit            
00000f47  _system_pre_init              
202009c8  _unlock                       
00000f39  abort                         
000000c1  aligned_alloc                 
ffffffff  binit                         
00000af1  close                         
00000ce9  exit                          
00000d1d  finddevice                    
000001d5  fputs                         
000002cd  free                          
00000f29  fseek                         
00000789  fseeko                        
000007f5  getdevice                     
00000000  interruptVectors              
00000dd1  lseek                         
00000ec1  main                          
00000f09  malloc                        
000000c1  memalign                      
00000495  memcpy                        
00000929  memset                        
20200b90  parmbuf                       
00000e49  puts                          
00000f31  remove                        
000003b5  setvbuf                       
00000531  strcmp                        
00000d7d  unlink                        
00000df9  write                         


GLOBAL SYMBOLS: SORTED BY Symbol Address 

address   name                          
-------   ----                          
00000000  __TI_ATRegion0_region_sz      
00000000  __TI_ATRegion0_src_addr       
00000000  __TI_ATRegion0_trg_addr       
00000000  __TI_ATRegion1_region_sz      
00000000  __TI_ATRegion1_src_addr       
00000000  __TI_ATRegion1_trg_addr       
00000000  __TI_ATRegion2_region_sz      
00000000  __TI_ATRegion2_src_addr       
00000000  __TI_ATRegion2_trg_addr       
00000000  __TI_static_base__            
00000000  interruptVectors              
000000c1  aligned_alloc                 
000000c1  memalign                      
000001d5  fputs                         
00000200  __STACK_SIZE                  
000002cd  free                          
000003b5  setvbuf                       
00000495  memcpy                        
0000052f  ADC0_IRQHandler               
0000052f  ADC1_IRQHandler               
0000052f  AES_IRQHandler                
0000052f  CANFD0_IRQHandler             
0000052f  DAC0_IRQHandler               
0000052f  DMA_IRQHandler                
0000052f  Default_Handler               
0000052f  GROUP0_IRQHandler             
0000052f  GROUP1_IRQHandler             
0000052f  HardFault_Handler             
0000052f  I2C0_IRQHandler               
0000052f  I2C1_IRQHandler               
0000052f  NMI_Handler                   
0000052f  PendSV_Handler                
0000052f  RTC_IRQHandler                
0000052f  SPI0_IRQHandler               
0000052f  SPI1_IRQHandler               
0000052f  SVC_Handler                   
0000052f  SysTick_Handler               
0000052f  TIMA0_IRQHandler              
0000052f  TIMA1_IRQHandler              
0000052f  TIMG0_IRQHandler              
0000052f  TIMG12_IRQHandler             
0000052f  TIMG6_IRQHandler              
0000052f  TIMG7_IRQHandler              
0000052f  TIMG8_IRQHandler              
0000052f  UART0_IRQHandler              
0000052f  UART1_IRQHandler              
0000052f  UART2_IRQHandler              
0000052f  UART3_IRQHandler              
00000531  strcmp                        
000005b9  __TI_closefile                
00000635  __TI_decompress_lzss          
000006b1  HOSTlseek                     
0000071d  HOSTrename                    
00000789  fseeko                        
000007f5  getdevice                     
00000800  __SYSMEM_SIZE                 
00000861  __TI_wrt_ok                   
00000929  memset                        
0000098b  SYSCFG_DL_GPIO_init           
0000098d  HOSTopen                      
000009ed  HOSTread                      
00000a45  HOSTwrite                     
00000a9d  __TI_doflush                  
00000aef  _nop                          
00000af1  close                         
00000b41  HOSTclose                     
00000b89  HOSTunlink                    
00000bd1  SYSCFG_DL_SYSCTL_init         
00000c11  __TI_auto_init_nobinit_nopinit
00000c4d  __TI_cleanup                  
00000c81  __TI_readmsg                  
00000cb5  __TI_writemsg                 
00000ce1  C$$IO$$                       
00000ce9  exit                          
00000d1d  finddevice                    
00000d51  SYSCFG_DL_initPower           
00000d7d  unlink                        
00000dd1  lseek                         
00000df9  write                         
00000e21  _c_int00_noargs               
00000e49  puts                          
00000e89  __TI_zero_init_nomemset       
00000e9f  __TI_decompress_none          
00000eb1  SYSCFG_DL_init                
00000ec1  main                          
00000efd  __aeabi_memclr                
00000efd  __aeabi_memclr4               
00000efd  __aeabi_memclr8               
00000f09  malloc                        
00000f15  DL_Common_delayCycles         
00000f21  __aeabi_memcpy                
00000f21  __aeabi_memcpy4               
00000f21  __aeabi_memcpy8               
00000f29  fseek                         
00000f31  remove                        
00000f39  abort                         
00000f3e  C$$EXIT                       
00000f3f  HOSTexit                      
00000f43  Reset_Handler                 
00000f47  _system_pre_init              
00000fcc  __TI_Handler_Table_Base       
00000fd8  __TI_Handler_Table_Limit      
00000fe0  __TI_CINIT_Base               
00000ff0  __TI_CINIT_Limit              
00000ff0  __TI_CINIT_Warm               
20200000  __start___llvm_prf_bits       
20200000  __start___llvm_prf_cnts       
20200000  __stop___llvm_prf_bits        
20200000  __stop___llvm_prf_cnts        
20200000  _sys_memory                   
20200800  _ftable                       
202008f0  _device                       
20200968  _stream                       
202009b8  __TI_cleanup_ptr              
202009bc  __TI_dtors_ptr                
202009c0  __TI_ft_end                   
202009c4  _lock                         
202009c8  _unlock                       
202009d0  _CIOBUF_                      
202009d0  __CIOBUF_                     
20200af0  __TI_tmpnams                  
20200b90  parmbuf                       
20207e00  __stack                       
20208000  __STACK_END                   
ffffffff  __TI_pprof_out_hndl           
ffffffff  __TI_prof_data_size           
ffffffff  __TI_prof_data_start          
ffffffff  __binit__                     
ffffffff  binit                         
UNDEFED   __mpu_init                    
UNDEFED   _system_post_cinit            

[131 symbols]
